EVA2_5_IN_HAVING

MySQL Shell 8.0.38

Copyright (c) 2016, 2024, Oracle and/or its affiliates.
Oracle is a registered trademark of Oracle Corporation and/or its affiliates.
Other names may be trademarks of their respective owners.

Type '\help' or '\?' for help; '\quit' to exit.
 MySQL  JS > \sql
Switching to SQL mode... Commands end with ;
 MySQL  SQL > \connect --mc root@localhost
Creating a Classic session to 'root@localhost'
Fetching global names for auto-completion... Press ^C to stop.
Your MySQL connection id is 8
Server version: 8.0.39 MySQL Community Server - GPL
No default schema selected; type \use <schema> to set one.
 MySQL  localhost:3306 ssl  SQL > use sakila
Default schema set to `sakila`.
Fetching global names, object names from `sakila` for auto-completion... Press ^C to stop.
 MySQL  localhost:3306 ssl  sakila  SQL > use sakila;
Default schema set to `sakila`.
Fetching global names, object names from `sakila` for auto-completion... Press ^C to stop.
 MySQL  localhost:3306 ssl  sakila  SQL > select count(*) from payment;
+----------+
| count(*) |
+----------+
|    16044 |
+----------+
1 row in set (0.0314 sec)
 MySQL  localhost:3306 ssl  sakila  SQL > desc payment;
+--------------+-------------------+------+-----+-------------------+-----------------------------------------------+
| Field        | Type              | Null | Key | Default           | Extra                                         |
+--------------+-------------------+------+-----+-------------------+-----------------------------------------------+
| payment_id   | smallint unsigned | NO   | PRI | NULL              | auto_increment                                |
| customer_id  | smallint unsigned | NO   | MUL | NULL              |                                               |
| staff_id     | tinyint unsigned  | NO   | MUL | NULL              |                                               |
| rental_id    | int               | YES  | MUL | NULL              |                                               |
| amount       | decimal(5,2)      | NO   |     | NULL              |                                               |
| payment_date | datetime          | NO   |     | NULL              |                                               |
| last_update  | timestamp         | YES  |     | CURRENT_TIMESTAMP | DEFAULT_GENERATED on update CURRENT_TIMESTAMP |
+--------------+-------------------+------+-----+-------------------+-----------------------------------------------+
7 rows in set (0.0042 sec)
 MySQL  localhost:3306 ssl  sakila  SQL > select sum(amount) as total, customer_id
                                       -> from payment
                                       -> group by customer_id;
+--------+-------------+
| total  | customer_id |
+--------+-------------+
| 118.68 |           1 |
| 128.73 |           2 |
| 135.74 |           3 |
|  81.78 |           4 |
| 144.62 |           5 |
|  93.72 |           6 |
| 151.67 |           7 |
|  92.76 |           8 |
|  89.77 |           9 |
|  99.75 |          10 |
| 106.76 |          11 |
| 103.72 |          12 |
| 131.73 |          13 |
| 117.72 |          14 |
| 134.68 |          15 |
| 118.72 |          16 |
|  98.79 |          17 |
|  91.78 |          18 |
| 125.76 |          19 |
| 115.70 |          20 |
| 155.65 |          21 |
| 113.78 |          22 |
| 119.70 |          23 |
|  95.75 |          24 |
| 115.71 |          25 |
| 152.66 |          26 |
| 126.69 |          27 |
| 111.68 |          28 |
| 140.64 |          29 |
| 123.66 |          30 |
| 104.74 |          31 |
| 127.71 |          32 |
|  91.79 |          33 |
|  89.76 |          34 |
| 129.68 |          35 |
|  92.73 |          36 |
|  95.77 |          37 |
| 127.66 |          38 |
| 141.71 |          39 |
| 110.73 |          40 |
| 118.75 |          41 |
| 117.70 |          42 |
|  99.76 |          43 |
| 114.74 |          44 |
| 127.73 |          45 |
| 142.66 |          46 |
| 108.78 |          47 |
|  76.83 |          48 |
| 130.72 |          49 |
| 169.65 |          50 |
| 138.67 |          51 |
| 107.71 |          52 |
| 115.70 |          53 |
| 128.71 |          54 |
| 100.78 |          55 |
| 135.70 |          56 |
| 114.72 |          57 |
| 115.73 |          58 |
| 133.73 |          59 |
|  98.75 |          60 |
|  58.86 |          61 |
|  84.77 |          62 |
| 112.75 |          63 |
| 100.67 |          64 |
| 103.78 |          65 |
| 144.66 |          66 |
|  99.78 |          67 |
|  94.78 |          68 |
|  96.75 |          69 |
|  80.82 |          70 |
| 129.70 |          71 |
|  99.70 |          72 |
|  97.76 |          73 |
| 103.73 |          74 |
| 155.59 |          75 |
|  77.77 |          76 |
| 100.72 |          77 |
| 141.69 |          78 |
|  84.78 |          79 |
| 137.70 |          80 |
|  93.78 |          81 |
| 130.74 |          82 |
| 101.75 |          83 |
| 141.67 |          84 |
|  87.77 |          85 |
| 148.67 |          86 |
| 145.70 |          87 |
|  87.79 |          88 |
| 134.68 |          89 |
| 110.72 |          90 |
| 113.65 |          91 |
| 133.72 |          92 |
|  91.77 |          93 |
|  79.79 |          94 |
|  77.82 |          95 |
| 105.73 |          96 |
|  58.82 |          97 |
| 106.75 |          98 |
|  91.76 |          99 |
| 102.76 |         100 |
|  96.76 |         101 |
| 137.67 |         102 |
| 146.69 |         103 |
|  92.76 |         104 |
| 120.74 |         105 |
| 100.77 |         106 |
| 126.70 |         107 |
| 132.70 |         108 |
| 107.74 |         109 |
|  59.86 |         110 |
|  97.74 |         111 |
| 133.70 |         112 |
| 113.71 |         113 |
| 139.67 |         114 |
|  91.70 |         115 |
| 111.73 |         116 |
|  71.81 |         117 |
|  82.79 |         118 |
| 153.66 |         119 |
| 143.68 |         120 |
| 109.74 |         121 |
| 126.68 |         122 |
| 100.76 |         123 |
|  73.82 |         124 |
| 135.68 |         125 |
| 117.72 |         126 |
| 107.76 |         127 |
| 127.68 |         128 |
| 124.66 |         129 |
|  93.76 |         130 |
| 128.70 |         131 |
|  95.72 |         132 |
|  98.73 |         133 |
|  94.77 |         134 |
| 110.70 |         135 |
|  62.85 |         136 |
| 194.61 |         137 |
| 110.66 |         138 |
| 113.73 |         139 |
|  83.82 |         140 |
| 130.68 |         141 |
|  94.74 |         142 |
|  89.78 |         143 |
| 195.58 |         144 |
| 108.72 |         145 |
| 139.71 |         146 |
| 127.66 |         147 |
| 216.54 |         148 |
| 121.74 |         149 |
| 105.75 |         150 |
|  92.73 |         151 |
|  83.79 |         152 |
|  94.76 |         153 |
| 130.70 |         154 |
| 109.75 |         155 |
| 101.75 |         156 |
| 113.69 |         157 |
| 126.68 |         158 |
|  68.79 |         159 |
| 106.73 |         160 |
| 112.70 |         161 |
|  71.80 |         162 |
| 122.71 |         163 |
|  66.84 |         164 |
|  86.79 |         165 |
| 123.72 |         166 |
| 119.68 |         167 |
| 135.66 |         168 |
|  95.78 |         169 |
| 119.74 |         170 |
| 114.74 |         171 |
| 145.67 |         172 |
| 119.71 |         173 |
|  92.79 |         174 |
|  98.76 |         175 |
| 173.63 |         176 |
|  71.77 |         177 |
| 194.61 |         178 |
| 133.71 |         179 |
|  98.77 |         180 |
| 174.66 |         181 |
|  97.74 |         182 |
|  76.77 |         183 |
|  90.77 |         184 |
|  84.77 |         185 |
| 114.69 |         186 |
| 159.72 |         187 |
|  92.75 |         188 |
|  93.78 |         189 |
| 110.73 |         190 |
|  74.80 |         191 |
|  99.77 |         192 |
| 109.75 |         193 |
|  87.82 |         194 |
|  86.81 |         195 |
| 151.65 |         196 |
| 154.60 |         197 |
| 141.63 |         198 |
| 103.75 |         199 |
| 136.73 |         200 |
| 108.75 |         201 |
| 103.74 |         202 |
|  88.80 |         203 |
| 147.65 |         204 |
|  80.82 |         205 |
| 126.73 |         206 |
| 137.66 |         207 |
|  91.74 |         208 |
| 161.68 |         209 |
| 137.69 |         210 |
| 151.66 |         211 |
|  91.80 |         212 |
| 111.72 |         213 |
| 116.69 |         214 |
|  91.74 |         215 |
|  95.77 |         216 |
|  98.77 |         217 |
|  67.82 |         218 |
| 101.74 |         219 |
| 114.73 |         220 |
| 132.72 |         221 |
|  91.79 |         222 |
|  80.83 |         223 |
|  76.78 |         224 |
| 120.74 |         225 |
|  87.79 |         226 |
|  87.76 |         227 |
|  92.73 |         228 |
|  93.75 |         229 |
| 124.67 |         230 |
| 110.74 |         231 |
|  95.75 |         232 |
|  89.77 |         233 |
| 111.74 |         234 |
|  93.75 |         235 |
| 175.58 |         236 |
| 144.67 |         237 |
|  94.79 |         238 |
| 142.66 |         239 |
| 117.74 |         240 |
| 122.66 |         241 |
| 140.68 |         242 |
|  82.76 |         243 |
| 129.68 |         244 |
| 132.68 |         245 |
| 107.77 |         246 |
| 104.78 |         247 |
|  50.85 |         248 |
| 107.77 |         249 |
|  73.80 |         250 |
| 120.69 |         251 |
|  64.78 |         252 |
| 127.71 |         253 |
| 116.68 |         254 |
|  70.82 |         255 |
| 112.70 |         256 |
| 151.63 |         257 |
| 110.76 |         258 |
| 168.68 |         259 |
| 122.69 |         260 |
| 107.74 |         261 |
| 119.72 |         262 |
| 122.71 |         263 |
|  98.75 |         264 |
| 133.71 |         265 |
| 118.72 |         266 |
| 159.64 |         267 |
| 123.71 |         268 |
| 129.70 |         269 |
| 104.75 |         270 |
|  68.82 |         271 |
|  98.80 |         272 |
| 157.65 |         273 |
| 152.65 |         274 |
| 108.70 |         275 |
| 122.72 |         276 |
| 144.68 |         277 |
|  88.74 |         278 |
| 135.69 |         279 |
| 118.73 |         280 |
|  50.86 |         281 |
| 103.73 |         282 |
|  86.72 |         283 |
| 126.72 |         284 |
| 135.74 |         285 |
| 117.73 |         286 |
| 115.71 |         287 |
|  80.76 |         288 |
| 142.70 |         289 |
| 109.72 |         290 |
|  95.77 |         291 |
| 118.73 |         292 |
| 158.69 |         293 |
| 113.74 |         294 |
| 162.62 |         295 |
| 129.70 |         296 |
| 128.67 |         297 |
| 101.74 |         298 |
| 131.70 |         299 |
| 137.69 |         300 |
|  92.79 |         301 |
| 127.71 |         302 |
| 100.74 |         303 |
| 115.74 |         304 |
| 109.75 |         305 |
| 138.68 |         306 |
| 134.70 |         307 |
| 105.75 |         308 |
| 147.69 |         309 |
|  97.80 |         310 |
| 120.77 |         311 |
| 104.74 |         312 |
|  89.77 |         313 |
| 131.67 |         314 |
|  84.83 |         315 |
| 132.71 |         316 |
| 114.72 |         317 |
|  52.88 |         318 |
| 132.70 |         319 |
|  71.80 |         320 |
| 116.78 |         321 |
| 128.72 |         322 |
| 114.69 |         323 |
| 103.75 |         324 |
|  91.78 |         325 |
|  96.75 |         326 |
| 112.74 |         327 |
|  90.77 |         328 |
| 127.68 |         329 |
|  94.75 |         330 |
| 122.73 |         331 |
| 118.72 |         332 |
| 109.73 |         333 |
| 135.70 |         334 |
|  78.77 |         335 |
| 119.70 |         336 |
| 143.71 |         337 |
| 114.72 |         338 |
| 127.70 |         339 |
| 119.69 |         340 |
| 106.77 |         341 |
| 130.68 |         342 |
| 114.75 |         343 |
|  73.82 |         344 |
| 106.77 |         345 |
| 155.68 |         346 |
| 142.70 |         347 |
| 146.64 |         348 |
| 138.71 |         349 |
|  73.77 |         350 |
|  89.76 |         351 |
|  99.77 |         352 |
|  72.82 |         353 |
| 129.64 |         354 |
|  72.80 |         355 |
| 121.70 |         356 |
|  89.74 |         357 |
|  80.79 |         358 |
| 101.75 |         359 |
| 150.66 |         360 |
| 100.69 |         361 |
| 145.68 |         362 |
| 143.71 |         363 |
|  95.77 |         364 |
| 103.77 |         365 |
| 152.63 |         366 |
| 101.78 |         367 |
| 157.65 |         368 |
|  88.75 |         369 |
|  70.81 |         370 |
| 149.65 |         371 |
| 158.66 |         372 |
| 161.65 |         373 |
| 103.72 |         374 |
| 110.76 |         375 |
| 110.72 |         376 |
|  93.74 |         377 |
|  71.81 |         378 |
| 106.77 |         379 |
| 136.64 |         380 |
| 106.65 |         381 |
|  91.76 |         382 |
| 103.73 |         383 |
|  89.75 |         384 |
| 101.74 |         385 |
| 117.71 |         386 |
| 101.74 |         387 |
| 124.70 |         388 |
| 124.74 |         389 |
| 152.67 |         390 |
| 104.70 |         391 |
|  91.77 |         392 |
| 121.69 |         393 |
|  84.78 |         394 |
|  57.81 |         395 |
| 111.73 |         396 |
| 105.71 |         397 |
|  78.84 |         398 |
|  91.79 |         399 |
| 124.72 |         400 |
|  73.79 |         401 |
|  79.80 |         402 |
| 166.65 |         403 |
| 139.70 |         404 |
| 109.68 |         405 |
| 122.68 |         406 |
| 112.73 |         407 |
| 116.70 |         408 |
| 104.77 |         409 |
| 167.62 |         410 |
|  80.74 |         411 |
|  85.79 |         412 |
|  75.79 |         413 |
| 105.75 |         414 |
|  93.77 |         415 |
| 121.69 |         416 |
| 110.75 |         417 |
| 107.70 |         418 |
|  89.75 |         419 |
|  79.79 |         420 |
| 119.73 |         421 |
|  97.74 |         422 |
| 120.74 |         423 |
| 110.70 |         424 |
| 104.74 |         425 |
| 126.73 |         426 |
| 114.76 |         427 |
|  78.80 |         428 |
| 105.79 |         429 |
|  79.78 |         430 |
|  95.77 |         431 |
| 116.77 |         432 |
| 133.75 |         433 |
| 128.73 |         434 |
|  91.75 |         435 |
| 144.70 |         436 |
|  99.77 |         437 |
| 134.67 |         438 |
| 151.64 |         439 |
|  88.78 |         440 |
| 112.72 |         441 |
| 118.68 |         442 |
|  98.78 |         443 |
| 115.70 |         444 |
| 102.74 |         445 |
| 116.69 |         446 |
| 113.71 |         447 |
| 135.71 |         448 |
|  99.80 |         449 |
|  89.74 |         450 |
| 128.67 |         451 |
| 107.68 |         452 |
| 111.77 |         453 |
| 151.67 |         454 |
|  87.76 |         455 |
| 100.75 |         456 |
| 114.72 |         457 |
|  66.81 |         458 |
| 186.62 |         459 |
| 109.75 |         460 |
|  97.72 |         461 |
| 159.67 |         462 |
|  91.75 |         463 |
|  73.84 |         464 |
|  69.83 |         465 |
| 104.77 |         466 |
| 139.71 |         467 |
| 175.61 |         468 |
| 177.60 |         469 |
| 160.68 |         470 |
| 109.73 |         471 |
| 141.70 |         472 |
| 134.66 |         473 |
| 100.74 |         474 |
| 103.76 |         475 |
|  95.78 |         476 |
| 109.78 |         477 |
|  86.81 |         478 |
| 146.69 |         479 |
| 101.78 |         480 |
| 115.71 |         481 |
| 138.71 |         482 |
|  88.82 |         483 |
| 139.70 |         484 |
| 115.71 |         485 |
| 113.74 |         486 |
| 119.74 |         487 |
|  95.78 |         488 |
|  99.79 |         489 |
| 117.76 |         490 |
| 124.73 |         491 |
|  65.84 |         492 |
| 112.77 |         493 |
| 140.69 |         494 |
| 120.74 |         495 |
|  88.79 |         496 |
| 129.72 |         497 |
|  97.73 |         498 |
| 123.70 |         499 |
| 115.72 |         500 |
|  89.79 |         501 |
| 138.66 |         502 |
| 115.68 |         503 |
| 133.72 |         504 |
|  97.79 |         505 |
| 152.65 |         506 |
|  95.75 |         507 |
| 127.75 |         508 |
| 100.80 |         509 |
| 122.74 |         510 |
|  99.76 |         511 |
| 115.74 |         512 |
| 148.69 |         513 |
|  74.78 |         514 |
| 126.72 |         515 |
|  98.74 |         516 |
| 105.75 |         517 |
| 111.74 |         518 |
| 103.77 |         519 |
| 134.68 |         520 |
|  80.77 |         521 |
| 167.67 |         522 |
|  93.78 |         523 |
|  87.81 |         524 |
|  74.81 |         525 |
| 221.55 |         526 |
|  81.76 |         527 |
| 111.75 |         528 |
| 118.71 |         529 |
|  76.77 |         530 |
| 118.75 |         531 |
| 152.68 |         532 |
| 141.67 |         533 |
|  88.76 |         534 |
| 135.68 |         535 |
| 117.75 |         536 |
| 103.75 |         537 |
| 117.71 |         538 |
|  90.78 |         539 |
| 112.76 |         540 |
| 108.76 |         541 |
|  94.82 |         542 |
|  82.78 |         543 |
|  98.78 |         544 |
|  89.79 |         545 |
| 103.75 |         546 |
|  99.77 |         547 |
|  79.81 |         548 |
|  77.80 |         549 |
| 159.68 |         550 |
|  96.74 |         551 |
|  90.79 |         552 |
| 107.76 |         553 |
| 101.78 |         554 |
|  74.83 |         555 |
|  83.79 |         556 |
|  73.76 |         557 |
| 135.72 |         558 |
| 110.72 |         559 |
| 132.70 |         560 |
|  96.73 |         561 |
| 109.75 |         562 |
| 110.71 |         563 |
|  91.76 |         564 |
| 126.71 |         565 |
| 141.66 |         566 |
|  85.80 |         567 |
|  66.79 |         568 |
| 134.68 |         569 |
|  99.74 |         570 |
| 121.76 |         571 |
| 108.75 |         572 |
| 120.71 |         573 |
| 109.72 |         574 |
| 126.71 |         575 |
| 139.66 |         576 |
| 117.73 |         577 |
|  96.78 |         578 |
| 111.73 |         579 |
|  99.73 |         580 |
| 107.73 |         581 |
| 113.75 |         582 |
| 117.77 |         583 |
| 129.70 |         584 |
| 117.76 |         585 |
|  64.81 |         586 |
| 108.74 |         587 |
| 115.71 |         588 |
| 129.72 |         589 |
| 112.75 |         590 |
| 134.73 |         591 |
| 111.71 |         592 |
| 113.74 |         593 |
| 130.73 |         594 |
| 117.70 |         595 |
|  96.72 |         596 |
|  99.75 |         597 |
|  83.78 |         598 |
|  83.81 |         599 |
+--------+-------------+
599 rows in set (0.0364 sec)
 MySQL  localhost:3306 ssl  sakila  SQL > select sum(amount) as total, customer_id from payment group by customer_id limit 1;
+--------+-------------+
| total  | customer_id |
+--------+-------------+
| 118.68 |           1 |
+--------+-------------+
1 row in set (0.0011 sec)
 MySQL  localhost:3306 ssl  sakila  SQL > select sum(amount) as total, customer_id from payment group by total limit 1;
ERROR: 1056 (42000): Can't group on 'total'
 MySQL  localhost:3306 ssl  sakila  SQL > select sum(amount) as total, customer_id from payment group by amount limit 1;

ERROR: 1055 (42000): Expression #2 of SELECT list is not in GROUP BY clause and contains nonaggregated column 'sakila.payment.customer_id' which is not functionally dependent on columns in GROUP BY clause; this is incompatible with sql_mode=only_full_group_by
 MySQL  localhost:3306 ssl  sakila  SQL > select sum(amount) as total, customer_id from payment group by total limit 1;
ERROR: 1056 (42000): Can't group on 'total'
 MySQL  localhost:3306 ssl  sakila  SQL > select sum(amount) as total, customer_id from payment group by total desc limit 1;
ERROR: 1064 (42000): You have an error in your SQL syntax; check the manual that corresponds to your MySQL server version for the right syntax to use near 'desc limit 1' at line 1
 MySQL  localhost:3306 ssl  sakila  SQL > select sum(amount) as total, customer_id from payment group by customer_id  order by total desc limit 1;
+--------+-------------+
| total  | customer_id |
+--------+-------------+
| 221.55 |         526 |
+--------+-------------+
1 row in set (0.0192 sec)
 MySQL  localhost:3306 ssl  sakila  SQL > select sum(amount) as total, customer_id from payment group by customer_id  order by total asc limit 1;
+-------+-------------+
| total | customer_id |
+-------+-------------+
| 50.85 |         248 |
+-------+-------------+
1 row in set (0.0192 sec)
 MySQL  localhost:3306 ssl  sakila  SQL >
 MySQL  localhost:3306 ssl  sakila  SQL > select * from customer where customer_id = 248;
+-------------+----------+------------+-----------+------------------------------------+------------+--------+---------------------+---------------------+
| customer_id | store_id | first_name | last_name | email                              | address_id | active | create_date         | last_update         |
+-------------+----------+------------+-----------+------------------------------------+------------+--------+---------------------+---------------------+
|         248 |        1 | CAROLINE   | BOWMAN    | CAROLINE.BOWMAN@sakilacustomer.org |        252 |      1 | 2006-02-14 22:04:36 | 2006-02-15 04:57:20 |
+-------------+----------+------------+-----------+------------------------------------+------------+--------+---------------------+---------------------+
1 row in set (0.0189 sec)
 MySQL  localhost:3306 ssl  sakila  SQL > select * from customer where customer_id = 526;
+-------------+----------+------------+-----------+------------------------------+------------+--------+---------------------+---------------------+
| customer_id | store_id | first_name | last_name | email                        | address_id | active | create_date         | last_update         |
+-------------+----------+------------+-----------+------------------------------+------------+--------+---------------------+---------------------+
|         526 |        2 | KARL       | SEAL      | KARL.SEAL@sakilacustomer.org |        532 |      1 | 2006-02-14 22:04:37 | 2006-02-15 04:57:20 |
+-------------+----------+------------+-----------+------------------------------+------------+--------+---------------------+---------------------+
1 row in set (0.0024 sec)
 MySQL  localhost:3306 ssl  sakila  SQL > select customer_id from customer;
+-------------+
| customer_id |
+-------------+
|           1 |
|           2 |
|           3 |
|           5 |
|           7 |
|          10 |
|          12 |
|          15 |
|          17 |
|          19 |
|          21 |
|          22 |
|          25 |
|          28 |
|          30 |
|          32 |
|          37 |
|          38 |
|          39 |
|          41 |
|          44 |
|          45 |
|          47 |
|          48 |
|          50 |
|          51 |
|          52 |
|          53 |
|          54 |
|          56 |
|          58 |
|          59 |
|          60 |
|          62 |
|          63 |
|          67 |
|          68 |
|          71 |
|          74 |
|          78 |
|          79 |
|          80 |
|          81 |
|          82 |
|          83 |
|          87 |
|          89 |
|          93 |
|          94 |
|          96 |
|          98 |
|         100 |
|         101 |
|         102 |
|         103 |
|         104 |
|         105 |
|         106 |
|         107 |
|         108 |
|         111 |
|         115 |
|         116 |
|         117 |
|         118 |
|         119 |
|         121 |
|         122 |
|         124 |
|         125 |
|         126 |
|         128 |
|         129 |
|         130 |
|         133 |
|         134 |
|         138 |
|         139 |
|         140 |
|         141 |
|         142 |
|         143 |
|         144 |
|         145 |
|         146 |
|         148 |
|         149 |
|         152 |
|         155 |
|         156 |
|         158 |
|         159 |
|         161 |
|         163 |
|         166 |
|         168 |
|         170 |
|         172 |
|         173 |
|         175 |
|         176 |
|         179 |
|         182 |
|         184 |
|         185 |
|         188 |
|         189 |
|         191 |
|         192 |
|         195 |
|         196 |
|         201 |
|         203 |
|         204 |
|         206 |
|         207 |
|         208 |
|         211 |
|         213 |
|         214 |
|         216 |
|         218 |
|         221 |
|         223 |
|         225 |
|         227 |
|         229 |
|         231 |
|         234 |
|         235 |
|         236 |
|         237 |
|         238 |
|         240 |
|         242 |
|         243 |
|         245 |
|         246 |
|         247 |
|         248 |
|         253 |
|         258 |
|         260 |
|         261 |
|         263 |
|         264 |
|         267 |
|         268 |
|         269 |
|         270 |
|         271 |
|         272 |
|         274 |
|         276 |
|         283 |
|         284 |
|         285 |
|         286 |
|         288 |
|         289 |
|         290 |
|         291 |
|         295 |
|         297 |
|         298 |
|         300 |
|         302 |
|         305 |
|         306 |
|         308 |
|         309 |
|         314 |
|         316 |
|         318 |
|         321 |
|         322 |
|         325 |
|         326 |
|         330 |
|         331 |
|         332 |
|         335 |
|         336 |
|         337 |
|         338 |
|         340 |
|         341 |
|         342 |
|         343 |
|         344 |
|         345 |
|         346 |
|         350 |
|         351 |
|         352 |
|         353 |
|         357 |
|         362 |
|         364 |
|         366 |
|         367 |
|         368 |
|         371 |
|         373 |
|         376 |
|         377 |
|         378 |
|         379 |
|         380 |
|         383 |
|         385 |
|         386 |
|         389 |
|         390 |
|         391 |
|         393 |
|         396 |
|         397 |
|         398 |
|         399 |
|         402 |
|         403 |
|         405 |
|         406 |
|         407 |
|         408 |
|         411 |
|         414 |
|         415 |
|         417 |
|         419 |
|         420 |
|         421 |
|         422 |
|         426 |
|         430 |
|         432 |
|         433 |
|         434 |
|         436 |
|         438 |
|         440 |
|         441 |
|         442 |
|         445 |
|         447 |
|         448 |
|         450 |
|         451 |
|         452 |
|         453 |
|         458 |
|         459 |
|         460 |
|         461 |
|         464 |
|         465 |
|         466 |
|         468 |
|         470 |
|         471 |
|         472 |
|         476 |
|         477 |
|         478 |
|         479 |
|         480 |
|         481 |
|         482 |
|         484 |
|         485 |
|         486 |
|         489 |
|         490 |
|         493 |
|         498 |
|         500 |
|         501 |
|         502 |
|         503 |
|         504 |
|         505 |
|         509 |
|         511 |
|         512 |
|         515 |
|         518 |
|         523 |
|         524 |
|         527 |
|         528 |
|         533 |
|         534 |
|         535 |
|         539 |
|         540 |
|         543 |
|         546 |
|         547 |
|         548 |
|         549 |
|         553 |
|         554 |
|         555 |
|         557 |
|         558 |
|         560 |
|         562 |
|         566 |
|         572 |
|         573 |
|         580 |
|         581 |
|         583 |
|         585 |
|         586 |
|         587 |
|         588 |
|         589 |
|         591 |
|         592 |
|         594 |
|         595 |
|         596 |
|         597 |
|         598 |
|           4 |
|           6 |
|           8 |
|           9 |
|          11 |
|          13 |
|          14 |
|          16 |
|          18 |
|          20 |
|          23 |
|          24 |
|          26 |
|          27 |
|          29 |
|          31 |
|          33 |
|          34 |
|          35 |
|          36 |
|          40 |
|          42 |
|          43 |
|          46 |
|          49 |
|          55 |
|          57 |
|          61 |
|          64 |
|          65 |
|          66 |
|          69 |
|          70 |
|          72 |
|          73 |
|          75 |
|          76 |
|          77 |
|          84 |
|          85 |
|          86 |
|          88 |
|          90 |
|          91 |
|          92 |
|          95 |
|          97 |
|          99 |
|         109 |
|         110 |
|         112 |
|         113 |
|         114 |
|         120 |
|         123 |
|         127 |
|         131 |
|         132 |
|         135 |
|         136 |
|         137 |
|         147 |
|         150 |
|         151 |
|         153 |
|         154 |
|         157 |
|         160 |
|         162 |
|         164 |
|         165 |
|         167 |
|         169 |
|         171 |
|         174 |
|         177 |
|         178 |
|         180 |
|         181 |
|         183 |
|         186 |
|         187 |
|         190 |
|         193 |
|         194 |
|         197 |
|         198 |
|         199 |
|         200 |
|         202 |
|         205 |
|         209 |
|         210 |
|         212 |
|         215 |
|         217 |
|         219 |
|         220 |
|         222 |
|         224 |
|         226 |
|         228 |
|         230 |
|         232 |
|         233 |
|         239 |
|         241 |
|         244 |
|         249 |
|         250 |
|         251 |
|         252 |
|         254 |
|         255 |
|         256 |
|         257 |
|         259 |
|         262 |
|         265 |
|         266 |
|         273 |
|         275 |
|         277 |
|         278 |
|         279 |
|         280 |
|         281 |
|         282 |
|         287 |
|         292 |
|         293 |
|         294 |
|         296 |
|         299 |
|         301 |
|         303 |
|         304 |
|         307 |
|         310 |
|         311 |
|         312 |
|         313 |
|         315 |
|         317 |
|         319 |
|         320 |
|         323 |
|         324 |
|         327 |
|         328 |
|         329 |
|         333 |
|         334 |
|         339 |
|         347 |
|         348 |
|         349 |
|         354 |
|         355 |
|         356 |
|         358 |
|         359 |
|         360 |
|         361 |
|         363 |
|         365 |
|         369 |
|         370 |
|         372 |
|         374 |
|         375 |
|         381 |
|         382 |
|         384 |
|         387 |
|         388 |
|         392 |
|         394 |
|         395 |
|         400 |
|         401 |
|         404 |
|         409 |
|         410 |
|         412 |
|         413 |
|         416 |
|         418 |
|         423 |
|         424 |
|         425 |
|         427 |
|         428 |
|         429 |
|         431 |
|         435 |
|         437 |
|         439 |
|         443 |
|         444 |
|         446 |
|         449 |
|         454 |
|         455 |
|         456 |
|         457 |
|         462 |
|         463 |
|         467 |
|         469 |
|         473 |
|         474 |
|         475 |
|         483 |
|         487 |
|         488 |
|         491 |
|         492 |
|         494 |
|         495 |
|         496 |
|         497 |
|         499 |
|         506 |
|         507 |
|         508 |
|         510 |
|         513 |
|         514 |
|         516 |
|         517 |
|         519 |
|         520 |
|         521 |
|         522 |
|         525 |
|         526 |
|         529 |
|         530 |
|         531 |
|         532 |
|         536 |
|         537 |
|         538 |
|         541 |
|         542 |
|         544 |
|         545 |
|         550 |
|         551 |
|         552 |
|         556 |
|         559 |
|         561 |
|         563 |
|         564 |
|         565 |
|         567 |
|         568 |
|         569 |
|         570 |
|         571 |
|         574 |
|         575 |
|         576 |
|         577 |
|         578 |
|         579 |
|         582 |
|         584 |
|         590 |
|         593 |
|         599 |
+-------------+
599 rows in set (0.0025 sec)
 MySQL  localhost:3306 ssl  sakila  SQL > select distinct(customer_id) from payment;
+-------------+
| customer_id |
+-------------+
|           1 |
|           2 |
|           3 |
|           4 |
|           5 |
|           6 |
|           7 |
|           8 |
|           9 |
|          10 |
|          11 |
|          12 |
|          13 |
|          14 |
|          15 |
|          16 |
|          17 |
|          18 |
|          19 |
|          20 |
|          21 |
|          22 |
|          23 |
|          24 |
|          25 |
|          26 |
|          27 |
|          28 |
|          29 |
|          30 |
|          31 |
|          32 |
|          33 |
|          34 |
|          35 |
|          36 |
|          37 |
|          38 |
|          39 |
|          40 |
|          41 |
|          42 |
|          43 |
|          44 |
|          45 |
|          46 |
|          47 |
|          48 |
|          49 |
|          50 |
|          51 |
|          52 |
|          53 |
|          54 |
|          55 |
|          56 |
|          57 |
|          58 |
|          59 |
|          60 |
|          61 |
|          62 |
|          63 |
|          64 |
|          65 |
|          66 |
|          67 |
|          68 |
|          69 |
|          70 |
|          71 |
|          72 |
|          73 |
|          74 |
|          75 |
|          76 |
|          77 |
|          78 |
|          79 |
|          80 |
|          81 |
|          82 |
|          83 |
|          84 |
|          85 |
|          86 |
|          87 |
|          88 |
|          89 |
|          90 |
|          91 |
|          92 |
|          93 |
|          94 |
|          95 |
|          96 |
|          97 |
|          98 |
|          99 |
|         100 |
|         101 |
|         102 |
|         103 |
|         104 |
|         105 |
|         106 |
|         107 |
|         108 |
|         109 |
|         110 |
|         111 |
|         112 |
|         113 |
|         114 |
|         115 |
|         116 |
|         117 |
|         118 |
|         119 |
|         120 |
|         121 |
|         122 |
|         123 |
|         124 |
|         125 |
|         126 |
|         127 |
|         128 |
|         129 |
|         130 |
|         131 |
|         132 |
|         133 |
|         134 |
|         135 |
|         136 |
|         137 |
|         138 |
|         139 |
|         140 |
|         141 |
|         142 |
|         143 |
|         144 |
|         145 |
|         146 |
|         147 |
|         148 |
|         149 |
|         150 |
|         151 |
|         152 |
|         153 |
|         154 |
|         155 |
|         156 |
|         157 |
|         158 |
|         159 |
|         160 |
|         161 |
|         162 |
|         163 |
|         164 |
|         165 |
|         166 |
|         167 |
|         168 |
|         169 |
|         170 |
|         171 |
|         172 |
|         173 |
|         174 |
|         175 |
|         176 |
|         177 |
|         178 |
|         179 |
|         180 |
|         181 |
|         182 |
|         183 |
|         184 |
|         185 |
|         186 |
|         187 |
|         188 |
|         189 |
|         190 |
|         191 |
|         192 |
|         193 |
|         194 |
|         195 |
|         196 |
|         197 |
|         198 |
|         199 |
|         200 |
|         201 |
|         202 |
|         203 |
|         204 |
|         205 |
|         206 |
|         207 |
|         208 |
|         209 |
|         210 |
|         211 |
|         212 |
|         213 |
|         214 |
|         215 |
|         216 |
|         217 |
|         218 |
|         219 |
|         220 |
|         221 |
|         222 |
|         223 |
|         224 |
|         225 |
|         226 |
|         227 |
|         228 |
|         229 |
|         230 |
|         231 |
|         232 |
|         233 |
|         234 |
|         235 |
|         236 |
|         237 |
|         238 |
|         239 |
|         240 |
|         241 |
|         242 |
|         243 |
|         244 |
|         245 |
|         246 |
|         247 |
|         248 |
|         249 |
|         250 |
|         251 |
|         252 |
|         253 |
|         254 |
|         255 |
|         256 |
|         257 |
|         258 |
|         259 |
|         260 |
|         261 |
|         262 |
|         263 |
|         264 |
|         265 |
|         266 |
|         267 |
|         268 |
|         269 |
|         270 |
|         271 |
|         272 |
|         273 |
|         274 |
|         275 |
|         276 |
|         277 |
|         278 |
|         279 |
|         280 |
|         281 |
|         282 |
|         283 |
|         284 |
|         285 |
|         286 |
|         287 |
|         288 |
|         289 |
|         290 |
|         291 |
|         292 |
|         293 |
|         294 |
|         295 |
|         296 |
|         297 |
|         298 |
|         299 |
|         300 |
|         301 |
|         302 |
|         303 |
|         304 |
|         305 |
|         306 |
|         307 |
|         308 |
|         309 |
|         310 |
|         311 |
|         312 |
|         313 |
|         314 |
|         315 |
|         316 |
|         317 |
|         318 |
|         319 |
|         320 |
|         321 |
|         322 |
|         323 |
|         324 |
|         325 |
|         326 |
|         327 |
|         328 |
|         329 |
|         330 |
|         331 |
|         332 |
|         333 |
|         334 |
|         335 |
|         336 |
|         337 |
|         338 |
|         339 |
|         340 |
|         341 |
|         342 |
|         343 |
|         344 |
|         345 |
|         346 |
|         347 |
|         348 |
|         349 |
|         350 |
|         351 |
|         352 |
|         353 |
|         354 |
|         355 |
|         356 |
|         357 |
|         358 |
|         359 |
|         360 |
|         361 |
|         362 |
|         363 |
|         364 |
|         365 |
|         366 |
|         367 |
|         368 |
|         369 |
|         370 |
|         371 |
|         372 |
|         373 |
|         374 |
|         375 |
|         376 |
|         377 |
|         378 |
|         379 |
|         380 |
|         381 |
|         382 |
|         383 |
|         384 |
|         385 |
|         386 |
|         387 |
|         388 |
|         389 |
|         390 |
|         391 |
|         392 |
|         393 |
|         394 |
|         395 |
|         396 |
|         397 |
|         398 |
|         399 |
|         400 |
|         401 |
|         402 |
|         403 |
|         404 |
|         405 |
|         406 |
|         407 |
|         408 |
|         409 |
|         410 |
|         411 |
|         412 |
|         413 |
|         414 |
|         415 |
|         416 |
|         417 |
|         418 |
|         419 |
|         420 |
|         421 |
|         422 |
|         423 |
|         424 |
|         425 |
|         426 |
|         427 |
|         428 |
|         429 |
|         430 |
|         431 |
|         432 |
|         433 |
|         434 |
|         435 |
|         436 |
|         437 |
|         438 |
|         439 |
|         440 |
|         441 |
|         442 |
|         443 |
|         444 |
|         445 |
|         446 |
|         447 |
|         448 |
|         449 |
|         450 |
|         451 |
|         452 |
|         453 |
|         454 |
|         455 |
|         456 |
|         457 |
|         458 |
|         459 |
|         460 |
|         461 |
|         462 |
|         463 |
|         464 |
|         465 |
|         466 |
|         467 |
|         468 |
|         469 |
|         470 |
|         471 |
|         472 |
|         473 |
|         474 |
|         475 |
|         476 |
|         477 |
|         478 |
|         479 |
|         480 |
|         481 |
|         482 |
|         483 |
|         484 |
|         485 |
|         486 |
|         487 |
|         488 |
|         489 |
|         490 |
|         491 |
|         492 |
|         493 |
|         494 |
|         495 |
|         496 |
|         497 |
|         498 |
|         499 |
|         500 |
|         501 |
|         502 |
|         503 |
|         504 |
|         505 |
|         506 |
|         507 |
|         508 |
|         509 |
|         510 |
|         511 |
|         512 |
|         513 |
|         514 |
|         515 |
|         516 |
|         517 |
|         518 |
|         519 |
|         520 |
|         521 |
|         522 |
|         523 |
|         524 |
|         525 |
|         526 |
|         527 |
|         528 |
|         529 |
|         530 |
|         531 |
|         532 |
|         533 |
|         534 |
|         535 |
|         536 |
|         537 |
|         538 |
|         539 |
|         540 |
|         541 |
|         542 |
|         543 |
|         544 |
|         545 |
|         546 |
|         547 |
|         548 |
|         549 |
|         550 |
|         551 |
|         552 |
|         553 |
|         554 |
|         555 |
|         556 |
|         557 |
|         558 |
|         559 |
|         560 |
|         561 |
|         562 |
|         563 |
|         564 |
|         565 |
|         566 |
|         567 |
|         568 |
|         569 |
|         570 |
|         571 |
|         572 |
|         573 |
|         574 |
|         575 |
|         576 |
|         577 |
|         578 |
|         579 |
|         580 |
|         581 |
|         582 |
|         583 |
|         584 |
|         585 |
|         586 |
|         587 |
|         588 |
|         589 |
|         590 |
|         591 |
|         592 |
|         593 |
|         594 |
|         595 |
|         596 |
|         597 |
|         598 |
|         599 |
+-------------+
599 rows in set (0.0020 sec)
 MySQL  localhost:3306 ssl  sakila  SQL > select count(*) from customer;
+----------+
| count(*) |
+----------+
|      599 |
+----------+
1 row in set (0.0011 sec)
 MySQL  localhost:3306 ssl  sakila  SQL > insert into customer(store_id, first_name, last_name, address_id, active, create_date) value (
                                       -> 1,"Juan", "Perez",1,1,"1990-01-25")
                                       -> ;
Query OK, 1 row affected (0.0478 sec)
 MySQL  localhost:3306 ssl  sakila  SQL > select * from customer where firts_name = "Juan";
ERROR: 1054 (42S22): Unknown column 'firts_name' in 'where clause'
 MySQL  localhost:3306 ssl  sakila  SQL > select * from customer where first_name = "Juan";
+-------------+----------+------------+-----------+--------------------------------+------------+--------+---------------------+---------------------+
| customer_id | store_id | first_name | last_name | email                          | address_id | active | create_date         | last_update         |
+-------------+----------+------------+-----------+--------------------------------+------------+--------+---------------------+---------------------+
|         350 |        1 | JUAN       | FRALEY    | JUAN.FRALEY@sakilacustomer.org |        355 |      1 | 2006-02-14 22:04:37 | 2006-02-15 04:57:20 |
|         600 |        1 | Juan       | Perez     | NULL                           |          1 |      1 | 2024-10-02 19:21:36 | 2024-10-02 19:21:36 |
+-------------+----------+------------+-----------+--------------------------------+------------+--------+---------------------+---------------------+
2 rows in set (0.0034 sec)
 MySQL  localhost:3306 ssl  sakila  SQL > select distinct(customer_id) from payment;
+-------------+
| customer_id |
+-------------+
|           1 |
|           2 |
|           3 |
|           4 |
|           5 |
|           6 |
|           7 |
|           8 |
|           9 |
|          10 |
|          11 |
|          12 |
|          13 |
|          14 |
|          15 |
|          16 |
|          17 |
|          18 |
|          19 |
|          20 |
|          21 |
|          22 |
|          23 |
|          24 |
|          25 |
|          26 |
|          27 |
|          28 |
|          29 |
|          30 |
|          31 |
|          32 |
|          33 |
|          34 |
|          35 |
|          36 |
|          37 |
|          38 |
|          39 |
|          40 |
|          41 |
|          42 |
|          43 |
|          44 |
|          45 |
|          46 |
|          47 |
|          48 |
|          49 |
|          50 |
|          51 |
|          52 |
|          53 |
|          54 |
|          55 |
|          56 |
|          57 |
|          58 |
|          59 |
|          60 |
|          61 |
|          62 |
|          63 |
|          64 |
|          65 |
|          66 |
|          67 |
|          68 |
|          69 |
|          70 |
|          71 |
|          72 |
|          73 |
|          74 |
|          75 |
|          76 |
|          77 |
|          78 |
|          79 |
|          80 |
|          81 |
|          82 |
|          83 |
|          84 |
|          85 |
|          86 |
|          87 |
|          88 |
|          89 |
|          90 |
|          91 |
|          92 |
|          93 |
|          94 |
|          95 |
|          96 |
|          97 |
|          98 |
|          99 |
|         100 |
|         101 |
|         102 |
|         103 |
|         104 |
|         105 |
|         106 |
|         107 |
|         108 |
|         109 |
|         110 |
|         111 |
|         112 |
|         113 |
|         114 |
|         115 |
|         116 |
|         117 |
|         118 |
|         119 |
|         120 |
|         121 |
|         122 |
|         123 |
|         124 |
|         125 |
|         126 |
|         127 |
|         128 |
|         129 |
|         130 |
|         131 |
|         132 |
|         133 |
|         134 |
|         135 |
|         136 |
|         137 |
|         138 |
|         139 |
|         140 |
|         141 |
|         142 |
|         143 |
|         144 |
|         145 |
|         146 |
|         147 |
|         148 |
|         149 |
|         150 |
|         151 |
|         152 |
|         153 |
|         154 |
|         155 |
|         156 |
|         157 |
|         158 |
|         159 |
|         160 |
|         161 |
|         162 |
|         163 |
|         164 |
|         165 |
|         166 |
|         167 |
|         168 |
|         169 |
|         170 |
|         171 |
|         172 |
|         173 |
|         174 |
|         175 |
|         176 |
|         177 |
|         178 |
|         179 |
|         180 |
|         181 |
|         182 |
|         183 |
|         184 |
|         185 |
|         186 |
|         187 |
|         188 |
|         189 |
|         190 |
|         191 |
|         192 |
|         193 |
|         194 |
|         195 |
|         196 |
|         197 |
|         198 |
|         199 |
|         200 |
|         201 |
|         202 |
|         203 |
|         204 |
|         205 |
|         206 |
|         207 |
|         208 |
|         209 |
|         210 |
|         211 |
|         212 |
|         213 |
|         214 |
|         215 |
|         216 |
|         217 |
|         218 |
|         219 |
|         220 |
|         221 |
|         222 |
|         223 |
|         224 |
|         225 |
|         226 |
|         227 |
|         228 |
|         229 |
|         230 |
|         231 |
|         232 |
|         233 |
|         234 |
|         235 |
|         236 |
|         237 |
|         238 |
|         239 |
|         240 |
|         241 |
|         242 |
|         243 |
|         244 |
|         245 |
|         246 |
|         247 |
|         248 |
|         249 |
|         250 |
|         251 |
|         252 |
|         253 |
|         254 |
|         255 |
|         256 |
|         257 |
|         258 |
|         259 |
|         260 |
|         261 |
|         262 |
|         263 |
|         264 |
|         265 |
|         266 |
|         267 |
|         268 |
|         269 |
|         270 |
|         271 |
|         272 |
|         273 |
|         274 |
|         275 |
|         276 |
|         277 |
|         278 |
|         279 |
|         280 |
|         281 |
|         282 |
|         283 |
|         284 |
|         285 |
|         286 |
|         287 |
|         288 |
|         289 |
|         290 |
|         291 |
|         292 |
|         293 |
|         294 |
|         295 |
|         296 |
|         297 |
|         298 |
|         299 |
|         300 |
|         301 |
|         302 |
|         303 |
|         304 |
|         305 |
|         306 |
|         307 |
|         308 |
|         309 |
|         310 |
|         311 |
|         312 |
|         313 |
|         314 |
|         315 |
|         316 |
|         317 |
|         318 |
|         319 |
|         320 |
|         321 |
|         322 |
|         323 |
|         324 |
|         325 |
|         326 |
|         327 |
|         328 |
|         329 |
|         330 |
|         331 |
|         332 |
|         333 |
|         334 |
|         335 |
|         336 |
|         337 |
|         338 |
|         339 |
|         340 |
|         341 |
|         342 |
|         343 |
|         344 |
|         345 |
|         346 |
|         347 |
|         348 |
|         349 |
|         350 |
|         351 |
|         352 |
|         353 |
|         354 |
|         355 |
|         356 |
|         357 |
|         358 |
|         359 |
|         360 |
|         361 |
|         362 |
|         363 |
|         364 |
|         365 |
|         366 |
|         367 |
|         368 |
|         369 |
|         370 |
|         371 |
|         372 |
|         373 |
|         374 |
|         375 |
|         376 |
|         377 |
|         378 |
|         379 |
|         380 |
|         381 |
|         382 |
|         383 |
|         384 |
|         385 |
|         386 |
|         387 |
|         388 |
|         389 |
|         390 |
|         391 |
|         392 |
|         393 |
|         394 |
|         395 |
|         396 |
|         397 |
|         398 |
|         399 |
|         400 |
|         401 |
|         402 |
|         403 |
|         404 |
|         405 |
|         406 |
|         407 |
|         408 |
|         409 |
|         410 |
|         411 |
|         412 |
|         413 |
|         414 |
|         415 |
|         416 |
|         417 |
|         418 |
|         419 |
|         420 |
|         421 |
|         422 |
|         423 |
|         424 |
|         425 |
|         426 |
|         427 |
|         428 |
|         429 |
|         430 |
|         431 |
|         432 |
|         433 |
|         434 |
|         435 |
|         436 |
|         437 |
|         438 |
|         439 |
|         440 |
|         441 |
|         442 |
|         443 |
|         444 |
|         445 |
|         446 |
|         447 |
|         448 |
|         449 |
|         450 |
|         451 |
|         452 |
|         453 |
|         454 |
|         455 |
|         456 |
|         457 |
|         458 |
|         459 |
|         460 |
|         461 |
|         462 |
|         463 |
|         464 |
|         465 |
|         466 |
|         467 |
|         468 |
|         469 |
|         470 |
|         471 |
|         472 |
|         473 |
|         474 |
|         475 |
|         476 |
|         477 |
|         478 |
|         479 |
|         480 |
|         481 |
|         482 |
|         483 |
|         484 |
|         485 |
|         486 |
|         487 |
|         488 |
|         489 |
|         490 |
|         491 |
|         492 |
|         493 |
|         494 |
|         495 |
|         496 |
|         497 |
|         498 |
|         499 |
|         500 |
|         501 |
|         502 |
|         503 |
|         504 |
|         505 |
|         506 |
|         507 |
|         508 |
|         509 |
|         510 |
|         511 |
|         512 |
|         513 |
|         514 |
|         515 |
|         516 |
|         517 |
|         518 |
|         519 |
|         520 |
|         521 |
|         522 |
|         523 |
|         524 |
|         525 |
|         526 |
|         527 |
|         528 |
|         529 |
|         530 |
|         531 |
|         532 |
|         533 |
|         534 |
|         535 |
|         536 |
|         537 |
|         538 |
|         539 |
|         540 |
|         541 |
|         542 |
|         543 |
|         544 |
|         545 |
|         546 |
|         547 |
|         548 |
|         549 |
|         550 |
|         551 |
|         552 |
|         553 |
|         554 |
|         555 |
|         556 |
|         557 |
|         558 |
|         559 |
|         560 |
|         561 |
|         562 |
|         563 |
|         564 |
|         565 |
|         566 |
|         567 |
|         568 |
|         569 |
|         570 |
|         571 |
|         572 |
|         573 |
|         574 |
|         575 |
|         576 |
|         577 |
|         578 |
|         579 |
|         580 |
|         581 |
|         582 |
|         583 |
|         584 |
|         585 |
|         586 |
|         587 |
|         588 |
|         589 |
|         590 |
|         591 |
|         592 |
|         593 |
|         594 |
|         595 |
|         596 |
|         597 |
|         598 |
|         599 |
+-------------+
599 rows in set (0.0028 sec)
 MySQL  localhost:3306 ssl  sakila  SQL > select customer_id, first_name, last_name
                                       -> from customer
                                       -> where customer_id in (
                                       -> select distinct(customer_id)
                                       -> from payment);
+-------------+-------------+--------------+
| customer_id | first_name  | last_name    |
+-------------+-------------+--------------+
|           1 | MARY        | SMITH        |
|           2 | PATRICIA    | JOHNSON      |
|           3 | LINDA       | WILLIAMS     |
|           4 | BARBARA     | JONES        |
|           5 | ELIZABETH   | BROWN        |
|           6 | JENNIFER    | DAVIS        |
|           7 | MARIA       | MILLER       |
|           8 | SUSAN       | WILSON       |
|           9 | MARGARET    | MOORE        |
|          10 | DOROTHY     | TAYLOR       |
|          11 | LISA        | ANDERSON     |
|          12 | NANCY       | THOMAS       |
|          13 | KAREN       | JACKSON      |
|          14 | BETTY       | WHITE        |
|          15 | HELEN       | HARRIS       |
|          16 | SANDRA      | MARTIN       |
|          17 | DONNA       | THOMPSON     |
|          18 | CAROL       | GARCIA       |
|          19 | RUTH        | MARTINEZ     |
|          20 | SHARON      | ROBINSON     |
|          21 | MICHELLE    | CLARK        |
|          22 | LAURA       | RODRIGUEZ    |
|          23 | SARAH       | LEWIS        |
|          24 | KIMBERLY    | LEE          |
|          25 | DEBORAH     | WALKER       |
|          26 | JESSICA     | HALL         |
|          27 | SHIRLEY     | ALLEN        |
|          28 | CYNTHIA     | YOUNG        |
|          29 | ANGELA      | HERNANDEZ    |
|          30 | MELISSA     | KING         |
|          31 | BRENDA      | WRIGHT       |
|          32 | AMY         | LOPEZ        |
|          33 | ANNA        | HILL         |
|          34 | REBECCA     | SCOTT        |
|          35 | VIRGINIA    | GREEN        |
|          36 | KATHLEEN    | ADAMS        |
|          37 | PAMELA      | BAKER        |
|          38 | MARTHA      | GONZALEZ     |
|          39 | DEBRA       | NELSON       |
|          40 | AMANDA      | CARTER       |
|          41 | STEPHANIE   | MITCHELL     |
|          42 | CAROLYN     | PEREZ        |
|          43 | CHRISTINE   | ROBERTS      |
|          44 | MARIE       | TURNER       |
|          45 | JANET       | PHILLIPS     |
|          46 | CATHERINE   | CAMPBELL     |
|          47 | FRANCES     | PARKER       |
|          48 | ANN         | EVANS        |
|          49 | JOYCE       | EDWARDS      |
|          50 | DIANE       | COLLINS      |
|          51 | ALICE       | STEWART      |
|          52 | JULIE       | SANCHEZ      |
|          53 | HEATHER     | MORRIS       |
|          54 | TERESA      | ROGERS       |
|          55 | DORIS       | REED         |
|          56 | GLORIA      | COOK         |
|          57 | EVELYN      | MORGAN       |
|          58 | JEAN        | BELL         |
|          59 | CHERYL      | MURPHY       |
|          60 | MILDRED     | BAILEY       |
|          61 | KATHERINE   | RIVERA       |
|          62 | JOAN        | COOPER       |
|          63 | ASHLEY      | RICHARDSON   |
|          64 | JUDITH      | COX          |
|          65 | ROSE        | HOWARD       |
|          66 | JANICE      | WARD         |
|          67 | KELLY       | TORRES       |
|          68 | NICOLE      | PETERSON     |
|          69 | JUDY        | GRAY         |
|          70 | CHRISTINA   | RAMIREZ      |
|          71 | KATHY       | JAMES        |
|          72 | THERESA     | WATSON       |
|          73 | BEVERLY     | BROOKS       |
|          74 | DENISE      | KELLY        |
|          75 | TAMMY       | SANDERS      |
|          76 | IRENE       | PRICE        |
|          77 | JANE        | BENNETT      |
|          78 | LORI        | WOOD         |
|          79 | RACHEL      | BARNES       |
|          80 | MARILYN     | ROSS         |
|          81 | ANDREA      | HENDERSON    |
|          82 | KATHRYN     | COLEMAN      |
|          83 | LOUISE      | JENKINS      |
|          84 | SARA        | PERRY        |
|          85 | ANNE        | POWELL       |
|          86 | JACQUELINE  | LONG         |
|          87 | WANDA       | PATTERSON    |
|          88 | BONNIE      | HUGHES       |
|          89 | JULIA       | FLORES       |
|          90 | RUBY        | WASHINGTON   |
|          91 | LOIS        | BUTLER       |
|          92 | TINA        | SIMMONS      |
|          93 | PHYLLIS     | FOSTER       |
|          94 | NORMA       | GONZALES     |
|          95 | PAULA       | BRYANT       |
|          96 | DIANA       | ALEXANDER    |
|          97 | ANNIE       | RUSSELL      |
|          98 | LILLIAN     | GRIFFIN      |
|          99 | EMILY       | DIAZ         |
|         100 | ROBIN       | HAYES        |
|         101 | PEGGY       | MYERS        |
|         102 | CRYSTAL     | FORD         |
|         103 | GLADYS      | HAMILTON     |
|         104 | RITA        | GRAHAM       |
|         105 | DAWN        | SULLIVAN     |
|         106 | CONNIE      | WALLACE      |
|         107 | FLORENCE    | WOODS        |
|         108 | TRACY       | COLE         |
|         109 | EDNA        | WEST         |
|         110 | TIFFANY     | JORDAN       |
|         111 | CARMEN      | OWENS        |
|         112 | ROSA        | REYNOLDS     |
|         113 | CINDY       | FISHER       |
|         114 | GRACE       | ELLIS        |
|         115 | WENDY       | HARRISON     |
|         116 | VICTORIA    | GIBSON       |
|         117 | EDITH       | MCDONALD     |
|         118 | KIM         | CRUZ         |
|         119 | SHERRY      | MARSHALL     |
|         120 | SYLVIA      | ORTIZ        |
|         121 | JOSEPHINE   | GOMEZ        |
|         122 | THELMA      | MURRAY       |
|         123 | SHANNON     | FREEMAN      |
|         124 | SHEILA      | WELLS        |
|         125 | ETHEL       | WEBB         |
|         126 | ELLEN       | SIMPSON      |
|         127 | ELAINE      | STEVENS      |
|         128 | MARJORIE    | TUCKER       |
|         129 | CARRIE      | PORTER       |
|         130 | CHARLOTTE   | HUNTER       |
|         131 | MONICA      | HICKS        |
|         132 | ESTHER      | CRAWFORD     |
|         133 | PAULINE     | HENRY        |
|         134 | EMMA        | BOYD         |
|         135 | JUANITA     | MASON        |
|         136 | ANITA       | MORALES      |
|         137 | RHONDA      | KENNEDY      |
|         138 | HAZEL       | WARREN       |
|         139 | AMBER       | DIXON        |
|         140 | EVA         | RAMOS        |
|         141 | DEBBIE      | REYES        |
|         142 | APRIL       | BURNS        |
|         143 | LESLIE      | GORDON       |
|         144 | CLARA       | SHAW         |
|         145 | LUCILLE     | HOLMES       |
|         146 | JAMIE       | RICE         |
|         147 | JOANNE      | ROBERTSON    |
|         148 | ELEANOR     | HUNT         |
|         149 | VALERIE     | BLACK        |
|         150 | DANIELLE    | DANIELS      |
|         151 | MEGAN       | PALMER       |
|         152 | ALICIA      | MILLS        |
|         153 | SUZANNE     | NICHOLS      |
|         154 | MICHELE     | GRANT        |
|         155 | GAIL        | KNIGHT       |
|         156 | BERTHA      | FERGUSON     |
|         157 | DARLENE     | ROSE         |
|         158 | VERONICA    | STONE        |
|         159 | JILL        | HAWKINS      |
|         160 | ERIN        | DUNN         |
|         161 | GERALDINE   | PERKINS      |
|         162 | LAUREN      | HUDSON       |
|         163 | CATHY       | SPENCER      |
|         164 | JOANN       | GARDNER      |
|         165 | LORRAINE    | STEPHENS     |
|         166 | LYNN        | PAYNE        |
|         167 | SALLY       | PIERCE       |
|         168 | REGINA      | BERRY        |
|         169 | ERICA       | MATTHEWS     |
|         170 | BEATRICE    | ARNOLD       |
|         171 | DOLORES     | WAGNER       |
|         172 | BERNICE     | WILLIS       |
|         173 | AUDREY      | RAY          |
|         174 | YVONNE      | WATKINS      |
|         175 | ANNETTE     | OLSON        |
|         176 | JUNE        | CARROLL      |
|         177 | SAMANTHA    | DUNCAN       |
|         178 | MARION      | SNYDER       |
|         179 | DANA        | HART         |
|         180 | STACY       | CUNNINGHAM   |
|         181 | ANA         | BRADLEY      |
|         182 | RENEE       | LANE         |
|         183 | IDA         | ANDREWS      |
|         184 | VIVIAN      | RUIZ         |
|         185 | ROBERTA     | HARPER       |
|         186 | HOLLY       | FOX          |
|         187 | BRITTANY    | RILEY        |
|         188 | MELANIE     | ARMSTRONG    |
|         189 | LORETTA     | CARPENTER    |
|         190 | YOLANDA     | WEAVER       |
|         191 | JEANETTE    | GREENE       |
|         192 | LAURIE      | LAWRENCE     |
|         193 | KATIE       | ELLIOTT      |
|         194 | KRISTEN     | CHAVEZ       |
|         195 | VANESSA     | SIMS         |
|         196 | ALMA        | AUSTIN       |
|         197 | SUE         | PETERS       |
|         198 | ELSIE       | KELLEY       |
|         199 | BETH        | FRANKLIN     |
|         200 | JEANNE      | LAWSON       |
|         201 | VICKI       | FIELDS       |
|         202 | CARLA       | GUTIERREZ    |
|         203 | TARA        | RYAN         |
|         204 | ROSEMARY    | SCHMIDT      |
|         205 | EILEEN      | CARR         |
|         206 | TERRI       | VASQUEZ      |
|         207 | GERTRUDE    | CASTILLO     |
|         208 | LUCY        | WHEELER      |
|         209 | TONYA       | CHAPMAN      |
|         210 | ELLA        | OLIVER       |
|         211 | STACEY      | MONTGOMERY   |
|         212 | WILMA       | RICHARDS     |
|         213 | GINA        | WILLIAMSON   |
|         214 | KRISTIN     | JOHNSTON     |
|         215 | JESSIE      | BANKS        |
|         216 | NATALIE     | MEYER        |
|         217 | AGNES       | BISHOP       |
|         218 | VERA        | MCCOY        |
|         219 | WILLIE      | HOWELL       |
|         220 | CHARLENE    | ALVAREZ      |
|         221 | BESSIE      | MORRISON     |
|         222 | DELORES     | HANSEN       |
|         223 | MELINDA     | FERNANDEZ    |
|         224 | PEARL       | GARZA        |
|         225 | ARLENE      | HARVEY       |
|         226 | MAUREEN     | LITTLE       |
|         227 | COLLEEN     | BURTON       |
|         228 | ALLISON     | STANLEY      |
|         229 | TAMARA      | NGUYEN       |
|         230 | JOY         | GEORGE       |
|         231 | GEORGIA     | JACOBS       |
|         232 | CONSTANCE   | REID         |
|         233 | LILLIE      | KIM          |
|         234 | CLAUDIA     | FULLER       |
|         235 | JACKIE      | LYNCH        |
|         236 | MARCIA      | DEAN         |
|         237 | TANYA       | GILBERT      |
|         238 | NELLIE      | GARRETT      |
|         239 | MINNIE      | ROMERO       |
|         240 | MARLENE     | WELCH        |
|         241 | HEIDI       | LARSON       |
|         242 | GLENDA      | FRAZIER      |
|         243 | LYDIA       | BURKE        |
|         244 | VIOLA       | HANSON       |
|         245 | COURTNEY    | DAY          |
|         246 | MARIAN      | MENDOZA      |
|         247 | STELLA      | MORENO       |
|         248 | CAROLINE    | BOWMAN       |
|         249 | DORA        | MEDINA       |
|         250 | JO          | FOWLER       |
|         251 | VICKIE      | BREWER       |
|         252 | MATTIE      | HOFFMAN      |
|         253 | TERRY       | CARLSON      |
|         254 | MAXINE      | SILVA        |
|         255 | IRMA        | PEARSON      |
|         256 | MABEL       | HOLLAND      |
|         257 | MARSHA      | DOUGLAS      |
|         258 | MYRTLE      | FLEMING      |
|         259 | LENA        | JENSEN       |
|         260 | CHRISTY     | VARGAS       |
|         261 | DEANNA      | BYRD         |
|         262 | PATSY       | DAVIDSON     |
|         263 | HILDA       | HOPKINS      |
|         264 | GWENDOLYN   | MAY          |
|         265 | JENNIE      | TERRY        |
|         266 | NORA        | HERRERA      |
|         267 | MARGIE      | WADE         |
|         268 | NINA        | SOTO         |
|         269 | CASSANDRA   | WALTERS      |
|         270 | LEAH        | CURTIS       |
|         271 | PENNY       | NEAL         |
|         272 | KAY         | CALDWELL     |
|         273 | PRISCILLA   | LOWE         |
|         274 | NAOMI       | JENNINGS     |
|         275 | CAROLE      | BARNETT      |
|         276 | BRANDY      | GRAVES       |
|         277 | OLGA        | JIMENEZ      |
|         278 | BILLIE      | HORTON       |
|         279 | DIANNE      | SHELTON      |
|         280 | TRACEY      | BARRETT      |
|         281 | LEONA       | OBRIEN       |
|         282 | JENNY       | CASTRO       |
|         283 | FELICIA     | SUTTON       |
|         284 | SONIA       | GREGORY      |
|         285 | MIRIAM      | MCKINNEY     |
|         286 | VELMA       | LUCAS        |
|         287 | BECKY       | MILES        |
|         288 | BOBBIE      | CRAIG        |
|         289 | VIOLET      | RODRIQUEZ    |
|         290 | KRISTINA    | CHAMBERS     |
|         291 | TONI        | HOLT         |
|         292 | MISTY       | LAMBERT      |
|         293 | MAE         | FLETCHER     |
|         294 | SHELLY      | WATTS        |
|         295 | DAISY       | BATES        |
|         296 | RAMONA      | HALE         |
|         297 | SHERRI      | RHODES       |
|         298 | ERIKA       | PENA         |
|         299 | JAMES       | GANNON       |
|         300 | JOHN        | FARNSWORTH   |
|         301 | ROBERT      | BAUGHMAN     |
|         302 | MICHAEL     | SILVERMAN    |
|         303 | WILLIAM     | SATTERFIELD  |
|         304 | DAVID       | ROYAL        |
|         305 | RICHARD     | MCCRARY      |
|         306 | CHARLES     | KOWALSKI     |
|         307 | JOSEPH      | JOY          |
|         308 | THOMAS      | GRIGSBY      |
|         309 | CHRISTOPHER | GRECO        |
|         310 | DANIEL      | CABRAL       |
|         311 | PAUL        | TROUT        |
|         312 | MARK        | RINEHART     |
|         313 | DONALD      | MAHON        |
|         314 | GEORGE      | LINTON       |
|         315 | KENNETH     | GOODEN       |
|         316 | STEVEN      | CURLEY       |
|         317 | EDWARD      | BAUGH        |
|         318 | BRIAN       | WYMAN        |
|         319 | RONALD      | WEINER       |
|         320 | ANTHONY     | SCHWAB       |
|         321 | KEVIN       | SCHULER      |
|         322 | JASON       | MORRISSEY    |
|         323 | MATTHEW     | MAHAN        |
|         324 | GARY        | COY          |
|         325 | TIMOTHY     | BUNN         |
|         326 | JOSE        | ANDREW       |
|         327 | LARRY       | THRASHER     |
|         328 | JEFFREY     | SPEAR        |
|         329 | FRANK       | WAGGONER     |
|         330 | SCOTT       | SHELLEY      |
|         331 | ERIC        | ROBERT       |
|         332 | STEPHEN     | QUALLS       |
|         333 | ANDREW      | PURDY        |
|         334 | RAYMOND     | MCWHORTER    |
|         335 | GREGORY     | MAULDIN      |
|         336 | JOSHUA      | MARK         |
|         337 | JERRY       | JORDON       |
|         338 | DENNIS      | GILMAN       |
|         339 | WALTER      | PERRYMAN     |
|         340 | PATRICK     | NEWSOM       |
|         341 | PETER       | MENARD       |
|         342 | HAROLD      | MARTINO      |
|         343 | DOUGLAS     | GRAF         |
|         344 | HENRY       | BILLINGSLEY  |
|         345 | CARL        | ARTIS        |
|         346 | ARTHUR      | SIMPKINS     |
|         347 | RYAN        | SALISBURY    |
|         348 | ROGER       | QUINTANILLA  |
|         349 | JOE         | GILLILAND    |
|         350 | JUAN        | FRALEY       |
|         351 | JACK        | FOUST        |
|         352 | ALBERT      | CROUSE       |
|         353 | JONATHAN    | SCARBOROUGH  |
|         354 | JUSTIN      | NGO          |
|         355 | TERRY       | GRISSOM      |
|         356 | GERALD      | FULTZ        |
|         357 | KEITH       | RICO         |
|         358 | SAMUEL      | MARLOW       |
|         359 | WILLIE      | MARKHAM      |
|         360 | RALPH       | MADRIGAL     |
|         361 | LAWRENCE    | LAWTON       |
|         362 | NICHOLAS    | BARFIELD     |
|         363 | ROY         | WHITING      |
|         364 | BENJAMIN    | VARNEY       |
|         365 | BRUCE       | SCHWARZ      |
|         366 | BRANDON     | HUEY         |
|         367 | ADAM        | GOOCH        |
|         368 | HARRY       | ARCE         |
|         369 | FRED        | WHEAT        |
|         370 | WAYNE       | TRUONG       |
|         371 | BILLY       | POULIN       |
|         372 | STEVE       | MACKENZIE    |
|         373 | LOUIS       | LEONE        |
|         374 | JEREMY      | HURTADO      |
|         375 | AARON       | SELBY        |
|         376 | RANDY       | GAITHER      |
|         377 | HOWARD      | FORTNER      |
|         378 | EUGENE      | CULPEPPER    |
|         379 | CARLOS      | COUGHLIN     |
|         380 | RUSSELL     | BRINSON      |
|         381 | BOBBY       | BOUDREAU     |
|         382 | VICTOR      | BARKLEY      |
|         383 | MARTIN      | BALES        |
|         384 | ERNEST      | STEPP        |
|         385 | PHILLIP     | HOLM         |
|         386 | TODD        | TAN          |
|         387 | JESSE       | SCHILLING    |
|         388 | CRAIG       | MORRELL      |
|         389 | ALAN        | KAHN         |
|         390 | SHAWN       | HEATON       |
|         391 | CLARENCE    | GAMEZ        |
|         392 | SEAN        | DOUGLASS     |
|         393 | PHILIP      | CAUSEY       |
|         394 | CHRIS       | BROTHERS     |
|         395 | JOHNNY      | TURPIN       |
|         396 | EARL        | SHANKS       |
|         397 | JIMMY       | SCHRADER     |
|         398 | ANTONIO     | MEEK         |
|         399 | DANNY       | ISOM         |
|         400 | BRYAN       | HARDISON     |
|         401 | TONY        | CARRANZA     |
|         402 | LUIS        | YANEZ        |
|         403 | MIKE        | WAY          |
|         404 | STANLEY     | SCROGGINS    |
|         405 | LEONARD     | SCHOFIELD    |
|         406 | NATHAN      | RUNYON       |
|         407 | DALE        | RATCLIFF     |
|         408 | MANUEL      | MURRELL      |
|         409 | RODNEY      | MOELLER      |
|         410 | CURTIS      | IRBY         |
|         411 | NORMAN      | CURRIER      |
|         412 | ALLEN       | BUTTERFIELD  |
|         413 | MARVIN      | YEE          |
|         414 | VINCENT     | RALSTON      |
|         415 | GLENN       | PULLEN       |
|         416 | JEFFERY     | PINSON       |
|         417 | TRAVIS      | ESTEP        |
|         418 | JEFF        | EAST         |
|         419 | CHAD        | CARBONE      |
|         420 | JACOB       | LANCE        |
|         421 | LEE         | HAWKS        |
|         422 | MELVIN      | ELLINGTON    |
|         423 | ALFRED      | CASILLAS     |
|         424 | KYLE        | SPURLOCK     |
|         425 | FRANCIS     | SIKES        |
|         426 | BRADLEY     | MOTLEY       |
|         427 | JESUS       | MCCARTNEY    |
|         428 | HERBERT     | KRUGER       |
|         429 | FREDERICK   | ISBELL       |
|         430 | RAY         | HOULE        |
|         431 | JOEL        | FRANCISCO    |
|         432 | EDWIN       | BURK         |
|         433 | DON         | BONE         |
|         434 | EDDIE       | TOMLIN       |
|         435 | RICKY       | SHELBY       |
|         436 | TROY        | QUIGLEY      |
|         437 | RANDALL     | NEUMANN      |
|         438 | BARRY       | LOVELACE     |
|         439 | ALEXANDER   | FENNELL      |
|         440 | BERNARD     | COLBY        |
|         441 | MARIO       | CHEATHAM     |
|         442 | LEROY       | BUSTAMANTE   |
|         443 | FRANCISCO   | SKIDMORE     |
|         444 | MARCUS      | HIDALGO      |
|         445 | MICHEAL     | FORMAN       |
|         446 | THEODORE    | CULP         |
|         447 | CLIFFORD    | BOWENS       |
|         448 | MIGUEL      | BETANCOURT   |
|         449 | OSCAR       | AQUINO       |
|         450 | JAY         | ROBB         |
|         451 | JIM         | REA          |
|         452 | TOM         | MILNER       |
|         453 | CALVIN      | MARTEL       |
|         454 | ALEX        | GRESHAM      |
|         455 | JON         | WILES        |
|         456 | RONNIE      | RICKETTS     |
|         457 | BILL        | GAVIN        |
|         458 | LLOYD       | DOWD         |
|         459 | TOMMY       | COLLAZO      |
|         460 | LEON        | BOSTIC       |
|         461 | DEREK       | BLAKELY      |
|         462 | WARREN      | SHERROD      |
|         463 | DARRELL     | POWER        |
|         464 | JEROME      | KENYON       |
|         465 | FLOYD       | GANDY        |
|         466 | LEO         | EBERT        |
|         467 | ALVIN       | DELOACH      |
|         468 | TIM         | CARY         |
|         469 | WESLEY      | BULL         |
|         470 | GORDON      | ALLARD       |
|         471 | DEAN        | SAUER        |
|         472 | GREG        | ROBINS       |
|         473 | JORGE       | OLIVARES     |
|         474 | DUSTIN      | GILLETTE     |
|         475 | PEDRO       | CHESTNUT     |
|         476 | DERRICK     | BOURQUE      |
|         477 | DAN         | PAINE        |
|         478 | LEWIS       | LYMAN        |
|         479 | ZACHARY     | HITE         |
|         480 | COREY       | HAUSER       |
|         481 | HERMAN      | DEVORE       |
|         482 | MAURICE     | CRAWLEY      |
|         483 | VERNON      | CHAPA        |
|         484 | ROBERTO     | VU           |
|         485 | CLYDE       | TOBIAS       |
|         486 | GLEN        | TALBERT      |
|         487 | HECTOR      | POINDEXTER   |
|         488 | SHANE       | MILLARD      |
|         489 | RICARDO     | MEADOR       |
|         490 | SAM         | MCDUFFIE     |
|         491 | RICK        | MATTOX       |
|         492 | LESTER      | KRAUS        |
|         493 | BRENT       | HARKINS      |
|         494 | RAMON       | CHOATE       |
|         495 | CHARLIE     | BESS         |
|         496 | TYLER       | WREN         |
|         497 | GILBERT     | SLEDGE       |
|         498 | GENE        | SANBORN      |
|         499 | MARC        | OUTLAW       |
|         500 | REGINALD    | KINDER       |
|         501 | RUBEN       | GEARY        |
|         502 | BRETT       | CORNWELL     |
|         503 | ANGEL       | BARCLAY      |
|         504 | NATHANIEL   | ADAM         |
|         505 | RAFAEL      | ABNEY        |
|         506 | LESLIE      | SEWARD       |
|         507 | EDGAR       | RHOADS       |
|         508 | MILTON      | HOWLAND      |
|         509 | RAUL        | FORTIER      |
|         510 | BEN         | EASTER       |
|         511 | CHESTER     | BENNER       |
|         512 | CECIL       | VINES        |
|         513 | DUANE       | TUBBS        |
|         514 | FRANKLIN    | TROUTMAN     |
|         515 | ANDRE       | RAPP         |
|         516 | ELMER       | NOE          |
|         517 | BRAD        | MCCURDY      |
|         518 | GABRIEL     | HARDER       |
|         519 | RON         | DELUCA       |
|         520 | MITCHELL    | WESTMORELAND |
|         521 | ROLAND      | SOUTH        |
|         522 | ARNOLD      | HAVENS       |
|         523 | HARVEY      | GUAJARDO     |
|         524 | JARED       | ELY          |
|         525 | ADRIAN      | CLARY        |
|         526 | KARL        | SEAL         |
|         527 | CORY        | MEEHAN       |
|         528 | CLAUDE      | HERZOG       |
|         529 | ERIK        | GUILLEN      |
|         530 | DARRYL      | ASHCRAFT     |
|         531 | JAMIE       | WAUGH        |
|         532 | NEIL        | RENNER       |
|         533 | JESSIE      | MILAM        |
|         534 | CHRISTIAN   | JUNG         |
|         535 | JAVIER      | ELROD        |
|         536 | FERNANDO    | CHURCHILL    |
|         537 | CLINTON     | BUFORD       |
|         538 | TED         | BREAUX       |
|         539 | MATHEW      | BOLIN        |
|         540 | TYRONE      | ASHER        |
|         541 | DARREN      | WINDHAM      |
|         542 | LONNIE      | TIRADO       |
|         543 | LANCE       | PEMBERTON    |
|         544 | CODY        | NOLEN        |
|         545 | JULIO       | NOLAND       |
|         546 | KELLY       | KNOTT        |
|         547 | KURT        | EMMONS       |
|         548 | ALLAN       | CORNISH      |
|         549 | NELSON      | CHRISTENSON  |
|         550 | GUY         | BROWNLEE     |
|         551 | CLAYTON     | BARBEE       |
|         552 | HUGH        | WALDROP      |
|         553 | MAX         | PITT         |
|         554 | DWAYNE      | OLVERA       |
|         555 | DWIGHT      | LOMBARDI     |
|         556 | ARMANDO     | GRUBER       |
|         557 | FELIX       | GAFFNEY      |
|         558 | JIMMIE      | EGGLESTON    |
|         559 | EVERETT     | BANDA        |
|         560 | JORDAN      | ARCHULETA    |
|         561 | IAN         | STILL        |
|         562 | WALLACE     | SLONE        |
|         563 | KEN         | PREWITT      |
|         564 | BOB         | PFEIFFER     |
|         565 | JAIME       | NETTLES      |
|         566 | CASEY       | MENA         |
|         567 | ALFREDO     | MCADAMS      |
|         568 | ALBERTO     | HENNING      |
|         569 | DAVE        | GARDINER     |
|         570 | IVAN        | CROMWELL     |
|         571 | JOHNNIE     | CHISHOLM     |
|         572 | SIDNEY      | BURLESON     |
|         573 | BYRON       | BOX          |
|         574 | JULIAN      | VEST         |
|         575 | ISAAC       | OGLESBY      |
|         576 | MORRIS      | MCCARTER     |
|         577 | CLIFTON     | MALCOLM      |
|         578 | WILLARD     | LUMPKIN      |
|         579 | DARYL       | LARUE        |
|         580 | ROSS        | GREY         |
|         581 | VIRGIL      | WOFFORD      |
|         582 | ANDY        | VANHORN      |
|         583 | MARSHALL    | THORN        |
|         584 | SALVADOR    | TEEL         |
|         585 | PERRY       | SWAFFORD     |
|         586 | KIRK        | STCLAIR      |
|         587 | SERGIO      | STANFIELD    |
|         588 | MARION      | OCAMPO       |
|         589 | TRACY       | HERRMANN     |
|         590 | SETH        | HANNON       |
|         591 | KENT        | ARSENAULT    |
|         592 | TERRANCE    | ROUSH        |
|         593 | RENE        | MCALISTER    |
|         594 | EDUARDO     | HIATT        |
|         595 | TERRENCE    | GUNDERSON    |
|         596 | ENRIQUE     | FORSYTHE     |
|         597 | FREDDIE     | DUGGAN       |
|         598 | WADE        | DELVALLE     |
|         599 | AUSTIN      | CINTRON      |
+-------------+-------------+--------------+
599 rows in set (0.0038 sec)
 MySQL  localhost:3306 ssl  sakila  SQL > select customer_id, first_name, last_name from customer where customer_id not in ( select distinct(customer_id) from payment);
+-------------+------------+-----------+
| customer_id | first_name | last_name |
+-------------+------------+-----------+
|         600 | Juan       | Perez     |
+-------------+------------+-----------+
1 row in set (0.0051 sec)
 MySQL  localhost:3306 ssl  sakila  SQL > use world;
Default schema set to `world`.
Fetching global names, object names from `world` for auto-completion... Press ^C to stop.
 MySQL  localhost:3306 ssl  world  SQL > show tables;
+-----------------+
| Tables_in_world |
+-----------------+
| city            |
| country         |
| countrylanguage |
+-----------------+
3 rows in set (0.0016 sec)
 MySQL  localhost:3306 ssl  world  SQL > desc country;
+----------------+---------------------------------------------------------------------------------------+------+-----+---------+-------+
| Field          | Type                                                                                  | Null | Key | Default | Extra |
+----------------+---------------------------------------------------------------------------------------+------+-----+---------+-------+
| Code           | char(3)                                                                               | NO   | PRI |         |       |
| Name           | char(52)                                                                              | NO   |     |         |       |
| Continent      | enum('Asia','Europe','North America','Africa','Oceania','Antarctica','South America') | NO   |     | Asia    |       |
| Region         | char(26)                                                                              | NO   |     |         |       |
| SurfaceArea    | decimal(10,2)                                                                         | NO   |     | 0.00    |       |
| IndepYear      | smallint                                                                              | YES  |     | NULL    |       |
| Population     | int                                                                                   | NO   |     | 0       |       |
| LifeExpectancy | decimal(3,1)                                                                          | YES  |     | NULL    |       |
| GNP            | decimal(10,2)                                                                         | YES  |     | NULL    |       |
| GNPOld         | decimal(10,2)                                                                         | YES  |     | NULL    |       |
| LocalName      | char(45)                                                                              | NO   |     |         |       |
| GovernmentForm | char(45)                                                                              | NO   |     |         |       |
| HeadOfState    | char(60)                                                                              | YES  |     | NULL    |       |
| Capital        | int                                                                                   | YES  |     | NULL    |       |
| Code2          | char(2)                                                                               | NO   |     |         |       |
+----------------+---------------------------------------------------------------------------------------+------+-----+---------+-------+
15 rows in set (0.0042 sec)
 MySQL  localhost:3306 ssl  world  SQL > desc city;
+-------------+----------+------+-----+---------+----------------+
| Field       | Type     | Null | Key | Default | Extra          |
+-------------+----------+------+-----+---------+----------------+
| ID          | int      | NO   | PRI | NULL    | auto_increment |
| Name        | char(35) | NO   |     |         |                |
| CountryCode | char(3)  | NO   | MUL |         |                |
| District    | char(20) | NO   |     |         |                |
| Population  | int      | NO   |     | 0       |                |
+-------------+----------+------+-----+---------+----------------+
5 rows in set (0.0025 sec)
 MySQL  localhost:3306 ssl  world  SQL > select count(*) from country;
+----------+
| count(*) |
+----------+
|      239 |
+----------+
1 row in set (0.0197 sec)
 MySQL  localhost:3306 ssl  world  SQL > select count(*) from city;
+----------+
| count(*) |
+----------+
|     4079 |
+----------+
1 row in set (0.0142 sec)
 MySQL  localhost:3306 ssl  world  SQL > select * from city limit 10;
+----+----------------+-------------+---------------+------------+
| ID | Name           | CountryCode | District      | Population |
+----+----------------+-------------+---------------+------------+
|  1 | Kabul          | AFG         | Kabol         |    1780000 |
|  2 | Qandahar       | AFG         | Qandahar      |     237500 |
|  3 | Herat          | AFG         | Herat         |     186800 |
|  4 | Mazar-e-Sharif | AFG         | Balkh         |     127800 |
|  5 | Amsterdam      | NLD         | Noord-Holland |     731200 |
|  6 | Rotterdam      | NLD         | Zuid-Holland  |     593321 |
|  7 | Haag           | NLD         | Zuid-Holland  |     440900 |
|  8 | Utrecht        | NLD         | Utrecht       |     234323 |
|  9 | Eindhoven      | NLD         | Noord-Brabant |     201843 |
| 10 | Tilburg        | NLD         | Noord-Brabant |     193238 |
+----+----------------+-------------+---------------+------------+
10 rows in set (0.0031 sec)
 MySQL  localhost:3306 ssl  world  SQL > select code from country where name = "Mexico";
+------+
| code |
+------+
| MEX  |
+------+
1 row in set (0.0012 sec)
 MySQL  localhost:3306 ssl  world  SQL > select * from city where contrycode = "MEX";
ERROR: 1054 (42S22): Unknown column 'contrycode' in 'where clause'
 MySQL  localhost:3306 ssl  world  SQL > select * from city where countrycode = "MEX";
+------+-----------------------------+-------------+----------------------+------------+
| ID   | Name                        | CountryCode | District             | Population |
+------+-----------------------------+-------------+----------------------+------------+
| 2515 | Ciudad de Mxico            | MEX         | Distrito Federal     |    8591309 |
| 2516 | Guadalajara                 | MEX         | Jalisco              |    1647720 |
| 2517 | Ecatepec de Morelos         | MEX         | Mxico               |    1620303 |
| 2518 | Puebla                      | MEX         | Puebla               |    1346176 |
| 2519 | Nezahualcyotl              | MEX         | Mxico               |    1224924 |
| 2520 | Jurez                      | MEX         | Chihuahua            |    1217818 |
| 2521 | Tijuana                     | MEX         | Baja California      |    1212232 |
| 2522 | Len                        | MEX         | Guanajuato           |    1133576 |
| 2523 | Monterrey                   | MEX         | Nuevo Len           |    1108499 |
| 2524 | Zapopan                     | MEX         | Jalisco              |    1002239 |
| 2525 | Naucalpan de Jurez         | MEX         | Mxico               |     857511 |
| 2526 | Mexicali                    | MEX         | Baja California      |     764902 |
| 2527 | Culiacn                    | MEX         | Sinaloa              |     744859 |
| 2528 | Acapulco de Jurez          | MEX         | Guerrero             |     721011 |
| 2529 | Tlalnepantla de Baz         | MEX         | Mxico               |     720755 |
| 2530 | Mrida                      | MEX         | Yucatn              |     703324 |
| 2531 | Chihuahua                   | MEX         | Chihuahua            |     670208 |
| 2532 | San Luis Potos             | MEX         | San Luis Potos      |     669353 |
| 2533 | Guadalupe                   | MEX         | Nuevo Len           |     668780 |
| 2534 | Toluca                      | MEX         | Mxico               |     665617 |
| 2535 | Aguascalientes              | MEX         | Aguascalientes       |     643360 |
| 2536 | Quertaro                   | MEX         | Quertaro de Arteaga |     639839 |
| 2537 | Morelia                     | MEX         | Michoacn de Ocampo  |     619958 |
| 2538 | Hermosillo                  | MEX         | Sonora               |     608697 |
| 2539 | Saltillo                    | MEX         | Coahuila de Zaragoza |     577352 |
| 2540 | Torren                     | MEX         | Coahuila de Zaragoza |     529093 |
| 2541 | Centro (Villahermosa)       | MEX         | Tabasco              |     519873 |
| 2542 | San Nicols de los Garza    | MEX         | Nuevo Len           |     495540 |
| 2543 | Durango                     | MEX         | Durango              |     490524 |
| 2544 | Chimalhuacn                | MEX         | Mxico               |     490245 |
| 2545 | Tlaquepaque                 | MEX         | Jalisco              |     475472 |
| 2546 | Atizapn de Zaragoza        | MEX         | Mxico               |     467262 |
| 2547 | Veracruz                    | MEX         | Veracruz             |     457119 |
| 2548 | Cuautitln Izcalli          | MEX         | Mxico               |     452976 |
| 2549 | Irapuato                    | MEX         | Guanajuato           |     440039 |
| 2550 | Tuxtla Gutirrez            | MEX         | Chiapas              |     433544 |
| 2551 | Tultitln                   | MEX         | Mxico               |     432411 |
| 2552 | Reynosa                     | MEX         | Tamaulipas           |     419776 |
| 2553 | Benito Jurez               | MEX         | Quintana Roo         |     419276 |
| 2554 | Matamoros                   | MEX         | Tamaulipas           |     416428 |
| 2555 | Xalapa                      | MEX         | Veracruz             |     390058 |
| 2556 | Celaya                      | MEX         | Guanajuato           |     382140 |
| 2557 | Mazatln                    | MEX         | Sinaloa              |     380265 |
| 2558 | Ensenada                    | MEX         | Baja California      |     369573 |
| 2559 | Ahome                       | MEX         | Sinaloa              |     358663 |
| 2560 | Cajeme                      | MEX         | Sonora               |     355679 |
| 2561 | Cuernavaca                  | MEX         | Morelos              |     337966 |
| 2562 | Tonal                      | MEX         | Jalisco              |     336109 |
| 2563 | Valle de Chalco Solidaridad | MEX         | Mxico               |     323113 |
| 2564 | Nuevo Laredo                | MEX         | Tamaulipas           |     310277 |
| 2565 | Tepic                       | MEX         | Nayarit              |     305025 |
| 2566 | Tampico                     | MEX         | Tamaulipas           |     294789 |
| 2567 | Ixtapaluca                  | MEX         | Mxico               |     293160 |
| 2568 | Apodaca                     | MEX         | Nuevo Len           |     282941 |
| 2569 | Guasave                     | MEX         | Sinaloa              |     277201 |
| 2570 | Gmez Palacio               | MEX         | Durango              |     272806 |
| 2571 | Tapachula                   | MEX         | Chiapas              |     271141 |
| 2572 | Nicols Romero              | MEX         | Mxico               |     269393 |
| 2573 | Coatzacoalcos               | MEX         | Veracruz             |     267037 |
| 2574 | Uruapan                     | MEX         | Michoacn de Ocampo  |     265211 |
| 2575 | Victoria                    | MEX         | Tamaulipas           |     262686 |
| 2576 | Oaxaca de Jurez            | MEX         | Oaxaca               |     256848 |
| 2577 | Coacalco de Berriozbal     | MEX         | Mxico               |     252270 |
| 2578 | Pachuca de Soto             | MEX         | Hidalgo              |     244688 |
| 2579 | General Escobedo            | MEX         | Nuevo Len           |     232961 |
| 2580 | Salamanca                   | MEX         | Guanajuato           |     226864 |
| 2581 | Santa Catarina              | MEX         | Nuevo Len           |     226573 |
| 2582 | Tehuacn                    | MEX         | Puebla               |     225943 |
| 2583 | Chalco                      | MEX         | Mxico               |     222201 |
| 2584 | Crdenas                    | MEX         | Tabasco              |     216903 |
| 2585 | Campeche                    | MEX         | Campeche             |     216735 |
| 2586 | La Paz                      | MEX         | Mxico               |     213045 |
| 2587 | Othn P. Blanco (Chetumal)  | MEX         | Quintana Roo         |     208014 |
| 2588 | Texcoco                     | MEX         | Mxico               |     203681 |
| 2589 | La Paz                      | MEX         | Baja California Sur  |     196708 |
| 2590 | Metepec                     | MEX         | Mxico               |     194265 |
| 2591 | Monclova                    | MEX         | Coahuila de Zaragoza |     193657 |
| 2592 | Huixquilucan                | MEX         | Mxico               |     193156 |
| 2593 | Chilpancingo de los Bravo   | MEX         | Guerrero             |     192509 |
| 2594 | Puerto Vallarta             | MEX         | Jalisco              |     183741 |
| 2595 | Fresnillo                   | MEX         | Zacatecas            |     182744 |
| 2596 | Ciudad Madero               | MEX         | Tamaulipas           |     182012 |
| 2597 | Soledad de Graciano Snchez | MEX         | San Luis Potos      |     179956 |
| 2598 | San Juan del Ro            | MEX         | Quertaro            |     179300 |
| 2599 | San Felipe del Progreso     | MEX         | Mxico               |     177330 |
| 2600 | Crdoba                     | MEX         | Veracruz             |     176952 |
| 2601 | Tecmac                     | MEX         | Mxico               |     172410 |
| 2602 | Ocosingo                    | MEX         | Chiapas              |     171495 |
| 2603 | Carmen                      | MEX         | Campeche             |     171367 |
| 2604 | Lzaro Crdenas             | MEX         | Michoacn de Ocampo  |     170878 |
| 2605 | Jiutepec                    | MEX         | Morelos              |     170428 |
| 2606 | Papantla                    | MEX         | Veracruz             |     170123 |
| 2607 | Comalcalco                  | MEX         | Tabasco              |     164640 |
| 2608 | Zamora                      | MEX         | Michoacn de Ocampo  |     161191 |
| 2609 | Nogales                     | MEX         | Sonora               |     159103 |
| 2610 | Huimanguillo                | MEX         | Tabasco              |     158335 |
| 2611 | Cuautla                     | MEX         | Morelos              |     153132 |
| 2612 | Minatitln                  | MEX         | Veracruz             |     152983 |
| 2613 | Poza Rica de Hidalgo        | MEX         | Veracruz             |     152678 |
| 2614 | Ciudad Valles               | MEX         | San Luis Potos      |     146411 |
| 2615 | Navolato                    | MEX         | Sinaloa              |     145396 |
| 2616 | San Luis Ro Colorado       | MEX         | Sonora               |     145276 |
| 2617 | Pnjamo                     | MEX         | Guanajuato           |     143927 |
| 2618 | San Andrs Tuxtla           | MEX         | Veracruz             |     142251 |
| 2619 | Guanajuato                  | MEX         | Guanajuato           |     141215 |
| 2620 | Navojoa                     | MEX         | Sonora               |     140495 |
| 2621 | Zitcuaro                   | MEX         | Michoacn de Ocampo  |     137970 |
| 2622 | Boca del Ro                | MEX         | Veracruz-Llave       |     135721 |
| 2623 | Allende                     | MEX         | Guanajuato           |     134645 |
| 2624 | Silao                       | MEX         | Guanajuato           |     134037 |
| 2625 | Macuspana                   | MEX         | Tabasco              |     133795 |
| 2626 | San Juan Bautista Tuxtepec  | MEX         | Oaxaca               |     133675 |
| 2627 | San Cristbal de las Casas  | MEX         | Chiapas              |     132317 |
| 2628 | Valle de Santiago           | MEX         | Guanajuato           |     130557 |
| 2629 | Guaymas                     | MEX         | Sonora               |     130108 |
| 2630 | Colima                      | MEX         | Colima               |     129454 |
| 2631 | Dolores Hidalgo             | MEX         | Guanajuato           |     128675 |
| 2632 | Lagos de Moreno             | MEX         | Jalisco              |     127949 |
| 2633 | Piedras Negras              | MEX         | Coahuila de Zaragoza |     127898 |
| 2634 | Altamira                    | MEX         | Tamaulipas           |     127490 |
| 2635 | Txpam                      | MEX         | Veracruz             |     126475 |
| 2636 | San Pedro Garza Garca      | MEX         | Nuevo Len           |     126147 |
| 2637 | Cuauhtmoc                  | MEX         | Chihuahua            |     124279 |
| 2638 | Manzanillo                  | MEX         | Colima               |     124014 |
| 2639 | Iguala de la Independencia  | MEX         | Guerrero             |     123883 |
| 2640 | Zacatecas                   | MEX         | Zacatecas            |     123700 |
| 2641 | Tlajomulco de Ziga        | MEX         | Jalisco              |     123220 |
| 2642 | Tulancingo de Bravo         | MEX         | Hidalgo              |     121946 |
| 2643 | Zinacantepec                | MEX         | Mxico               |     121715 |
| 2644 | San Martn Texmelucan       | MEX         | Puebla               |     121093 |
| 2645 | Tepatitln de Morelos       | MEX         | Jalisco              |     118948 |
| 2646 | Martnez de la Torre        | MEX         | Veracruz             |     118815 |
| 2647 | Orizaba                     | MEX         | Veracruz             |     118488 |
| 2648 | Apatzingn                  | MEX         | Michoacn de Ocampo  |     117849 |
| 2649 | Atlixco                     | MEX         | Puebla               |     117019 |
| 2650 | Delicias                    | MEX         | Chihuahua            |     116132 |
| 2651 | Ixtlahuaca                  | MEX         | Mxico               |     115548 |
| 2652 | El Mante                    | MEX         | Tamaulipas           |     112453 |
| 2653 | Lerdo                       | MEX         | Durango              |     112272 |
| 2654 | Almoloya de Jurez          | MEX         | Mxico               |     110550 |
| 2655 | Acmbaro                    | MEX         | Guanajuato           |     110487 |
| 2656 | Acua                       | MEX         | Coahuila de Zaragoza |     110388 |
| 2657 | Guadalupe                   | MEX         | Zacatecas            |     108881 |
| 2658 | Huejutla de Reyes           | MEX         | Hidalgo              |     108017 |
| 2659 | Hidalgo                     | MEX         | Michoacn de Ocampo  |     106198 |
| 2660 | Los Cabos                   | MEX         | Baja California Sur  |     105199 |
| 2661 | Comitn de Domnguez        | MEX         | Chiapas              |     104986 |
| 2662 | Cunduacn                   | MEX         | Tabasco              |     104164 |
| 2663 | Ro Bravo                   | MEX         | Tamaulipas           |     103901 |
| 2664 | Temapache                   | MEX         | Veracruz             |     102824 |
| 2665 | Chilapa de Alvarez          | MEX         | Guerrero             |     102716 |
| 2666 | Hidalgo del Parral          | MEX         | Chihuahua            |     100881 |
| 2667 | San Francisco del Rincn    | MEX         | Guanajuato           |     100149 |
| 2668 | Taxco de Alarcn            | MEX         | Guerrero             |      99907 |
| 2669 | Zumpango                    | MEX         | Mxico               |      99781 |
| 2670 | San Pedro Cholula           | MEX         | Puebla               |      99734 |
| 2671 | Lerma                       | MEX         | Mxico               |      99714 |
| 2672 | Tecomn                     | MEX         | Colima               |      99296 |
| 2673 | Las Margaritas              | MEX         | Chiapas              |      97389 |
| 2674 | Cosoleacaque                | MEX         | Veracruz             |      97199 |
| 2675 | San Luis de la Paz          | MEX         | Guanajuato           |      96763 |
| 2676 | Jos Azueta                 | MEX         | Guerrero             |      95448 |
| 2677 | Santiago Ixcuintla          | MEX         | Nayarit              |      95311 |
| 2678 | San Felipe                  | MEX         | Guanajuato           |      95305 |
| 2679 | Tejupilco                   | MEX         | Mxico               |      94934 |
| 2680 | Tantoyuca                   | MEX         | Veracruz             |      94709 |
| 2681 | Salvatierra                 | MEX         | Guanajuato           |      94322 |
| 2682 | Tultepec                    | MEX         | Mxico               |      93364 |
| 2683 | Temixco                     | MEX         | Morelos              |      92686 |
| 2684 | Matamoros                   | MEX         | Coahuila de Zaragoza |      91858 |
| 2685 | Pnuco                      | MEX         | Veracruz             |      90551 |
| 2686 | El Fuerte                   | MEX         | Sinaloa              |      89556 |
| 2687 | Tierra Blanca               | MEX         | Veracruz             |      89143 |
+------+-----------------------------+-------------+----------------------+------------+
173 rows in set (0.0031 sec)
 MySQL  localhost:3306 ssl  world  SQL > select sum(population) as total, countrycode from country group by population order by total;
ERROR: 1054 (42S22): Unknown column 'countrycode' in 'field list'
 MySQL  localhost:3306 ssl  world  SQL > select sum(population) as total, CountryCode from country group by population order by total;
ERROR: 1054 (42S22): Unknown column 'CountryCode' in 'field list'
 MySQL  localhost:3306 ssl  world  SQL > select sum(population) as total, CountryCode from city group by population order by total;
ERROR: 1055 (42000): Expression #2 of SELECT list is not in GROUP BY clause and contains nonaggregated column 'world.city.CountryCode' which is not functionally dependent on columns in GROUP BY clause; this is incompatible with sql_mode=only_full_group_by
 MySQL  localhost:3306 ssl  world  SQL > select sum(population) as total, countrycode from city group by countrycode order by total;
+-----------+-------------+
| total     | countrycode |
+-----------+-------------+
|        42 | PCN         |
|       300 | TKL         |
|       455 | VAT         |
|       670 | CCK         |
|       682 | NIU         |
|       700 | CXR         |
|       800 | NFK         |
|      1137 | WLF         |
|      1438 | SJM         |
|      1500 | SHN         |
|      1556 | AIA         |
|      1636 | FLK         |
|      2000 | MSR         |
|      2301 | LCA         |
|      2345 | ANT         |
|      3000 | BMU         |
|      4600 | TUV         |
|      4609 | NRU         |
|      4621 | GRD         |
|      4800 | TCA         |
|      5808 | SPM         |
|      6070 | BRB         |
|      7096 | SMR         |
|      7281 | KIR         |
|      7523 | ASM         |
|      8000 | VGB         |
|      9200 | MNP         |
|     10389 | LIE         |
|     10639 | GUM         |
|     11600 | KNA         |
|     11900 | COK         |
|     12000 | MYT         |
|     12000 | PLW         |
|     13000 | VIR         |
|     13445 | GRL         |
|     14388 | MCO         |
|     14542 | FRO         |
|     16243 | DMA         |
|     17100 | VCT         |
|     19600 | CYM         |
|     21189 | AND         |
|     21484 | BRN         |
|     22000 | BTN         |
|     22400 | TON         |
|     24000 | ATG         |
|     27025 | GIB         |
|     28000 | MHL         |
|     28518 | MLT         |
|     29034 | ABW         |
|     30600 | FSM         |
|     33700 | VUT         |
|     35900 | WSM         |
|     36000 | COM         |
|     40000 | GNQ         |
|     41000 | SYC         |
|     47900 | TMP         |
|     49541 | STP         |
|     50100 | SLB         |
|     50699 | GUF         |
|     51441 | PYF         |
|     61000 | SWZ         |
|     62915 | BLZ         |
|     71000 | MDV         |
|     75380 | GLP         |
|     76293 | NCL         |
|     77366 | FJI         |
|     80700 | LUX         |
|     94050 | MTQ         |
|     94800 | CPV         |
|     99997 | TTO         |
|    109184 | ISL         |
|    112000 | SUR         |
|    131480 | REU         |
|    144926 | GMB         |
|    148000 | BHR         |
|    169000 | ESH         |
|    169000 | NAM         |
|    172000 | BHS         |
|    241000 | GNB         |
|    247000 | PNG         |
|    254000 | GUY         |
|    261252 | KWT         |
|    270000 | ALB         |
|    286000 | RWA         |
|    297000 | LSO         |
|    300000 | BDI         |
|    314140 | JAM         |
|    314822 | BWA         |
|    337280 | MUS         |
|    339131 | CRI         |
|    349400 | CYP         |
|    355000 | QAT         |
|    375000 | TGO         |
|    383000 | DJI         |
|    386518 | SVN         |
|    419000 | GAB         |
|    431000 | ERI         |
|    437500 | MAC         |
|    444299 | MKD         |
|    505227 | EST         |
|    524000 | CAF         |
|    537096 | OMN         |
|    599106 | BIH         |
|    609041 | IRL         |
|    628452 | LAO         |
|    630465 | TCD         |
|    653857 | NER         |
|    685500 | TJK         |
|    764900 | MRT         |
|    773700 | MNG         |
|    784143 | SVK         |
|    786755 | PAN         |
|    805055 | KHM         |
|    809552 | MLI         |
|    812100 | KGZ         |
|    850000 | LBR         |
|    850000 | SLE         |
|    890800 | UGA         |
|    902360 | PSE         |
|    914119 | MWI         |
|    914200 | CHE         |
|    968503 | BEN         |
|    968596 | LVA         |
|    972600 | TKM         |
|   1020020 | PRY         |
|   1090610 | GIN         |
|   1100028 | NOR         |
|   1123161 | MDG         |
|   1132403 | NPL         |
|   1138231 | SLV         |
|   1145011 | PRT         |
|   1168883 | HRV         |
|   1177000 | SOM         |
|   1193300 | MDA         |
|   1215945 | DNK         |
|   1225188 | GTM         |
|   1229000 | BFA         |
|   1236000 | URY         |
|   1269223 | NIC         |
|   1287000 | HND         |
|   1340000 | LBN         |
|   1450000 | COG         |
|   1473317 | LTU         |
|   1517338 | HTI         |
|   1532919 | FIN         |
|   1545000 | LKA         |
|   1564174 | PRI         |
|   1609322 | BEL         |
|   1633100 | ARM         |
|   1728336 | ARE         |
|   1743700 | YEM         |
|   1798500 | TUN         |
|   1819889 | GHA         |
|   1847600 | NZL         |
|   1847677 | JOR         |
|   1880900 | GEO         |
|   1972843 | GRC         |
|   2189507 | YUG         |
|   2332100 | AFG         |
|   2384273 | AUT         |
|   2438276 | DOM         |
|   2464000 | AZE         |
|   2473500 | ZMB         |
|   2561600 | AGO         |
|   2634711 | CZE         |
|   2696915 | BGR         |
|   2697007 | LBY         |
|   2730420 | ZWE         |
|   2770458 | SEN         |
|   2813000 | ISR         |
|   2891431 | SWE         |
|   2944034 | TZA         |
|   2953310 | HUN         |
|   3143145 | MOZ         |
|   3190334 | ETH         |
|   3191137 | CIV         |
|   3300633 | HKG         |
|   3378644 | BOL         |
|   3522554 | CMR         |
|   3522793 | KEN         |
|   4017733 | SGP         |
|   4477784 | SYR         |
|   4605141 | MYS         |
|   4629925 | CUB         |
|   4741000 | BLR         |
|   4752187 | SDN         |
|   5180049 | NLD         |
|   5183900 | UZB         |
|   5192179 | DZA         |
|   5484200 | KAZ         |
|   5744142 | ECU         |
|   6203000 | MMR         |
|   6476751 | PRK         |
|   7469006 | ROM         |
|   7953161 | THA         |
|   8569906 | BGD         |
|   8757562 | MAR         |
|   8926041 | IRQ         |
|   9244494 | FRA         |
|   9364813 | VNM         |
|   9717970 | CHL         |
|   9864615 | COD         |
|  10636700 | SAU         |
|  11313666 | AUS         |
|  11687431 | POL         |
|  12147242 | PER         |
|  12251091 | VEN         |
|  12673840 | CAN         |
|  13569336 | TWN         |
|  15087019 | ITA         |
|  15196370 | ZAF         |
|  16669189 | ESP         |
|  17366900 | NGA         |
|  19996563 | ARG         |
|  20074000 | UKR         |
|  20083079 | EGY         |
|  20250990 | COL         |
|  22436673 | GBR         |
|  26032990 | IRN         |
|  26245483 | DEU         |
|  28327028 | TUR         |
|  30934791 | PHL         |
|  31546745 | PAK         |
|  37485695 | IDN         |
|  38999893 | KOR         |
|  59752521 | MEX         |
|  69150700 | RUS         |
|  77965107 | JPN         |
|  78625774 | USA         |
|  85876862 | BRA         |
| 123298526 | IND         |
| 175953614 | CHN         |
+-----------+-------------+
232 rows in set (0.0125 sec)
 MySQL  localhost:3306 ssl  world  SQL > select count(*) as total, countrycode from city group by countrycode order by total;
+-------+-------------+
| total | countrycode |
+-------+-------------+
|     1 | ABW         |
|     1 | ALB         |
|     1 | AND         |
|     1 | ANT         |
|     1 | ATG         |
|     1 | BDI         |
|     1 | BHR         |
|     1 | BHS         |
|     1 | BRB         |
|     1 | BRN         |
|     1 | BTN         |
|     1 | CAF         |
|     1 | COK         |
|     1 | COM         |
|     1 | CPV         |
|     1 | CRI         |
|     1 | CXR         |
|     1 | CYM         |
|     1 | DJI         |
|     1 | DMA         |
|     1 | ERI         |
|     1 | ESH         |
|     1 | FJI         |
|     1 | FLK         |
|     1 | FRO         |
|     1 | GAB         |
|     1 | GIB         |
|     1 | GIN         |
|     1 | GNB         |
|     1 | GNQ         |
|     1 | GRD         |
|     1 | GRL         |
|     1 | GUF         |
|     1 | GUY         |
|     1 | ISL         |
|     1 | KNA         |
|     1 | LBR         |
|     1 | LCA         |
|     1 | LSO         |
|     1 | LUX         |
|     1 | MAC         |
|     1 | MDV         |
|     1 | MHL         |
|     1 | MKD         |
|     1 | MLI         |
|     1 | MNG         |
|     1 | MNP         |
|     1 | MSR         |
|     1 | MTQ         |
|     1 | MYT         |
|     1 | NAM         |
|     1 | NCL         |
|     1 | NFK         |
|     1 | NIU         |
|     1 | PCN         |
|     1 | PLW         |
|     1 | PNG         |
|     1 | QAT         |
|     1 | REU         |
|     1 | RWA         |
|     1 | SGP         |
|     1 | SHN         |
|     1 | SJM         |
|     1 | SLB         |
|     1 | SLE         |
|     1 | SPM         |
|     1 | STP         |
|     1 | SUR         |
|     1 | SWZ         |
|     1 | SYC         |
|     1 | TCA         |
|     1 | TGO         |
|     1 | TKL         |
|     1 | TMP         |
|     1 | TON         |
|     1 | TUV         |
|     1 | UGA         |
|     1 | URY         |
|     1 | VAT         |
|     1 | VCT         |
|     1 | VGB         |
|     1 | VIR         |
|     1 | VUT         |
|     1 | WLF         |
|     1 | WSM         |
|     2 | AIA         |
|     2 | ASM         |
|     2 | BLZ         |
|     2 | BMU         |
|     2 | BWA         |
|     2 | CCK         |
|     2 | COG         |
|     2 | CYP         |
|     2 | EST         |
|     2 | FSM         |
|     2 | GLP         |
|     2 | GMB         |
|     2 | GUM         |
|     2 | HKG         |
|     2 | IRL         |
|     2 | KGZ         |
|     2 | KIR         |
|     2 | LAO         |
|     2 | LBN         |
|     2 | LIE         |
|     2 | MCO         |
|     2 | MLT         |
|     2 | MRT         |
|     2 | MWI         |
|     2 | NRU         |
|     2 | PAN         |
|     2 | PYF         |
|     2 | SMR         |
|     2 | SVN         |
|     2 | TCD         |
|     2 | TJK         |
|     2 | TTO         |
|     3 | ARM         |
|     3 | BFA         |
|     3 | BIH         |
|     3 | HND         |
|     3 | JAM         |
|     3 | KHM         |
|     3 | KWT         |
|     3 | LVA         |
|     3 | MUS         |
|     3 | NER         |
|     3 | SOM         |
|     3 | SVK         |
|     4 | AFG         |
|     4 | AZE         |
|     4 | BEN         |
|     4 | GTM         |
|     4 | HRV         |
|     4 | HTI         |
|     4 | LBY         |
|     4 | MDA         |
|     4 | NIC         |
|     4 | TKM         |
|     5 | AGO         |
|     5 | ARE         |
|     5 | CHE         |
|     5 | CIV         |
|     5 | DNK         |
|     5 | GEO         |
|     5 | GHA         |
|     5 | JOR         |
|     5 | LTU         |
|     5 | MDG         |
|     5 | NOR         |
|     5 | NPL         |
|     5 | OMN         |
|     5 | PRT         |
|     5 | PRY         |
|     6 | AUT         |
|     6 | DOM         |
|     6 | PSE         |
|     6 | YEM         |
|     6 | ZWE         |
|     7 | CMR         |
|     7 | ETH         |
|     7 | FIN         |
|     7 | LKA         |
|     7 | SLV         |
|     7 | ZMB         |
|     8 | BOL         |
|     8 | GRC         |
|     8 | KEN         |
|     8 | TUN         |
|     8 | YUG         |
|     9 | BEL         |
|     9 | HUN         |
|     9 | NZL         |
|     9 | PRI         |
|     9 | SEN         |
|    10 | BGR         |
|    10 | CZE         |
|    10 | TZA         |
|    11 | SYR         |
|    12 | MOZ         |
|    12 | SDN         |
|    12 | THA         |
|    13 | PRK         |
|    14 | AUS         |
|    14 | CUB         |
|    14 | ISR         |
|    15 | ECU         |
|    15 | IRQ         |
|    15 | SWE         |
|    16 | BLR         |
|    16 | MMR         |
|    17 | UZB         |
|    18 | COD         |
|    18 | DZA         |
|    18 | MYS         |
|    21 | KAZ         |
|    22 | MAR         |
|    22 | PER         |
|    22 | VNM         |
|    24 | BGD         |
|    24 | SAU         |
|    28 | NLD         |
|    29 | CHL         |
|    29 | ROM         |
|    37 | EGY         |
|    38 | COL         |
|    40 | FRA         |
|    41 | VEN         |
|    42 | TWN         |
|    44 | POL         |
|    44 | ZAF         |
|    49 | CAN         |
|    57 | ARG         |
|    57 | UKR         |
|    58 | ITA         |
|    59 | ESP         |
|    59 | PAK         |
|    62 | TUR         |
|    64 | NGA         |
|    67 | IRN         |
|    70 | KOR         |
|    81 | GBR         |
|    85 | IDN         |
|    93 | DEU         |
|   136 | PHL         |
|   173 | MEX         |
|   189 | RUS         |
|   248 | JPN         |
|   250 | BRA         |
|   274 | USA         |
|   341 | IND         |
|   363 | CHN         |
+-------+-------------+
232 rows in set (0.0022 sec)
 MySQL  localhost:3306 ssl  world  SQL > select count(*) as total, countrycode from city group by countrycode order by countrycode;
+-------+-------------+
| total | countrycode |
+-------+-------------+
|     1 | ABW         |
|     4 | AFG         |
|     5 | AGO         |
|     2 | AIA         |
|     1 | ALB         |
|     1 | AND         |
|     1 | ANT         |
|     5 | ARE         |
|    57 | ARG         |
|     3 | ARM         |
|     2 | ASM         |
|     1 | ATG         |
|    14 | AUS         |
|     6 | AUT         |
|     4 | AZE         |
|     1 | BDI         |
|     9 | BEL         |
|     4 | BEN         |
|     3 | BFA         |
|    24 | BGD         |
|    10 | BGR         |
|     1 | BHR         |
|     1 | BHS         |
|     3 | BIH         |
|    16 | BLR         |
|     2 | BLZ         |
|     2 | BMU         |
|     8 | BOL         |
|   250 | BRA         |
|     1 | BRB         |
|     1 | BRN         |
|     1 | BTN         |
|     2 | BWA         |
|     1 | CAF         |
|    49 | CAN         |
|     2 | CCK         |
|     5 | CHE         |
|    29 | CHL         |
|   363 | CHN         |
|     5 | CIV         |
|     7 | CMR         |
|    18 | COD         |
|     2 | COG         |
|     1 | COK         |
|    38 | COL         |
|     1 | COM         |
|     1 | CPV         |
|     1 | CRI         |
|    14 | CUB         |
|     1 | CXR         |
|     1 | CYM         |
|     2 | CYP         |
|    10 | CZE         |
|    93 | DEU         |
|     1 | DJI         |
|     1 | DMA         |
|     5 | DNK         |
|     6 | DOM         |
|    18 | DZA         |
|    15 | ECU         |
|    37 | EGY         |
|     1 | ERI         |
|     1 | ESH         |
|    59 | ESP         |
|     2 | EST         |
|     7 | ETH         |
|     7 | FIN         |
|     1 | FJI         |
|     1 | FLK         |
|    40 | FRA         |
|     1 | FRO         |
|     2 | FSM         |
|     1 | GAB         |
|    81 | GBR         |
|     5 | GEO         |
|     5 | GHA         |
|     1 | GIB         |
|     1 | GIN         |
|     2 | GLP         |
|     2 | GMB         |
|     1 | GNB         |
|     1 | GNQ         |
|     8 | GRC         |
|     1 | GRD         |
|     1 | GRL         |
|     4 | GTM         |
|     1 | GUF         |
|     2 | GUM         |
|     1 | GUY         |
|     2 | HKG         |
|     3 | HND         |
|     4 | HRV         |
|     4 | HTI         |
|     9 | HUN         |
|    85 | IDN         |
|   341 | IND         |
|     2 | IRL         |
|    67 | IRN         |
|    15 | IRQ         |
|     1 | ISL         |
|    14 | ISR         |
|    58 | ITA         |
|     3 | JAM         |
|     5 | JOR         |
|   248 | JPN         |
|    21 | KAZ         |
|     8 | KEN         |
|     2 | KGZ         |
|     3 | KHM         |
|     2 | KIR         |
|     1 | KNA         |
|    70 | KOR         |
|     3 | KWT         |
|     2 | LAO         |
|     2 | LBN         |
|     1 | LBR         |
|     4 | LBY         |
|     1 | LCA         |
|     2 | LIE         |
|     7 | LKA         |
|     1 | LSO         |
|     5 | LTU         |
|     1 | LUX         |
|     3 | LVA         |
|     1 | MAC         |
|    22 | MAR         |
|     2 | MCO         |
|     4 | MDA         |
|     5 | MDG         |
|     1 | MDV         |
|   173 | MEX         |
|     1 | MHL         |
|     1 | MKD         |
|     1 | MLI         |
|     2 | MLT         |
|    16 | MMR         |
|     1 | MNG         |
|     1 | MNP         |
|    12 | MOZ         |
|     2 | MRT         |
|     1 | MSR         |
|     1 | MTQ         |
|     3 | MUS         |
|     2 | MWI         |
|    18 | MYS         |
|     1 | MYT         |
|     1 | NAM         |
|     1 | NCL         |
|     3 | NER         |
|     1 | NFK         |
|    64 | NGA         |
|     4 | NIC         |
|     1 | NIU         |
|    28 | NLD         |
|     5 | NOR         |
|     5 | NPL         |
|     2 | NRU         |
|     9 | NZL         |
|     5 | OMN         |
|    59 | PAK         |
|     2 | PAN         |
|     1 | PCN         |
|    22 | PER         |
|   136 | PHL         |
|     1 | PLW         |
|     1 | PNG         |
|    44 | POL         |
|     9 | PRI         |
|    13 | PRK         |
|     5 | PRT         |
|     5 | PRY         |
|     6 | PSE         |
|     2 | PYF         |
|     1 | QAT         |
|     1 | REU         |
|    29 | ROM         |
|   189 | RUS         |
|     1 | RWA         |
|    24 | SAU         |
|    12 | SDN         |
|     9 | SEN         |
|     1 | SGP         |
|     1 | SHN         |
|     1 | SJM         |
|     1 | SLB         |
|     1 | SLE         |
|     7 | SLV         |
|     2 | SMR         |
|     3 | SOM         |
|     1 | SPM         |
|     1 | STP         |
|     1 | SUR         |
|     3 | SVK         |
|     2 | SVN         |
|    15 | SWE         |
|     1 | SWZ         |
|     1 | SYC         |
|    11 | SYR         |
|     1 | TCA         |
|     2 | TCD         |
|     1 | TGO         |
|    12 | THA         |
|     2 | TJK         |
|     1 | TKL         |
|     4 | TKM         |
|     1 | TMP         |
|     1 | TON         |
|     2 | TTO         |
|     8 | TUN         |
|    62 | TUR         |
|     1 | TUV         |
|    42 | TWN         |
|    10 | TZA         |
|     1 | UGA         |
|    57 | UKR         |
|     1 | URY         |
|   274 | USA         |
|    17 | UZB         |
|     1 | VAT         |
|     1 | VCT         |
|    41 | VEN         |
|     1 | VGB         |
|     1 | VIR         |
|    22 | VNM         |
|     1 | VUT         |
|     1 | WLF         |
|     1 | WSM         |
|     6 | YEM         |
|     8 | YUG         |
|    44 | ZAF         |
|     7 | ZMB         |
|     6 | ZWE         |
+-------+-------------+
232 rows in set (0.0024 sec)
 MySQL  localhost:3306 ssl  world  SQL > select count(*) as total, countrycode from city group by countrycode having total = 1 order by countrycode;
+-------+-------------+
| total | countrycode |
+-------+-------------+
|     1 | ABW         |
|     1 | ALB         |
|     1 | AND         |
|     1 | ANT         |
|     1 | ATG         |
|     1 | BDI         |
|     1 | BHR         |
|     1 | BHS         |
|     1 | BRB         |
|     1 | BRN         |
|     1 | BTN         |
|     1 | CAF         |
|     1 | COK         |
|     1 | COM         |
|     1 | CPV         |
|     1 | CRI         |
|     1 | CXR         |
|     1 | CYM         |
|     1 | DJI         |
|     1 | DMA         |
|     1 | ERI         |
|     1 | ESH         |
|     1 | FJI         |
|     1 | FLK         |
|     1 | FRO         |
|     1 | GAB         |
|     1 | GIB         |
|     1 | GIN         |
|     1 | GNB         |
|     1 | GNQ         |
|     1 | GRD         |
|     1 | GRL         |
|     1 | GUF         |
|     1 | GUY         |
|     1 | ISL         |
|     1 | KNA         |
|     1 | LBR         |
|     1 | LCA         |
|     1 | LSO         |
|     1 | LUX         |
|     1 | MAC         |
|     1 | MDV         |
|     1 | MHL         |
|     1 | MKD         |
|     1 | MLI         |
|     1 | MNG         |
|     1 | MNP         |
|     1 | MSR         |
|     1 | MTQ         |
|     1 | MYT         |
|     1 | NAM         |
|     1 | NCL         |
|     1 | NFK         |
|     1 | NIU         |
|     1 | PCN         |
|     1 | PLW         |
|     1 | PNG         |
|     1 | QAT         |
|     1 | REU         |
|     1 | RWA         |
|     1 | SGP         |
|     1 | SHN         |
|     1 | SJM         |
|     1 | SLB         |
|     1 | SLE         |
|     1 | SPM         |
|     1 | STP         |
|     1 | SUR         |
|     1 | SWZ         |
|     1 | SYC         |
|     1 | TCA         |
|     1 | TGO         |
|     1 | TKL         |
|     1 | TMP         |
|     1 | TON         |
|     1 | TUV         |
|     1 | UGA         |
|     1 | URY         |
|     1 | VAT         |
|     1 | VCT         |
|     1 | VGB         |
|     1 | VIR         |
|     1 | VUT         |
|     1 | WLF         |
|     1 | WSM         |
+-------+-------------+
85 rows in set (0.0022 sec)
 MySQL  localhost:3306 ssl  world  SQL > select sum(population) as total, countrycode from city group by countrycode having > 1000000 order by total;
ERROR: 1064 (42000): You have an error in your SQL syntax; check the manual that corresponds to your MySQL server version for the right syntax to use near '> 1000000 order by total' at line 1
 MySQL  localhost:3306 ssl  world  SQL > select sum(population) as total, countrycode from city group by countrycode having less 1000000 order by total;
ERROR: 1064 (42000): You have an error in your SQL syntax; check the manual that corresponds to your MySQL server version for the right syntax to use near '1000000 order by total' at line 1
 MySQL  localhost:3306 ssl  world  SQL > select sum(population) as total, countrycode from city group by countrycode having total < 1000000 order by total;

+--------+-------------+
| total  | countrycode |
+--------+-------------+
|     42 | PCN         |
|    300 | TKL         |
|    455 | VAT         |
|    670 | CCK         |
|    682 | NIU         |
|    700 | CXR         |
|    800 | NFK         |
|   1137 | WLF         |
|   1438 | SJM         |
|   1500 | SHN         |
|   1556 | AIA         |
|   1636 | FLK         |
|   2000 | MSR         |
|   2301 | LCA         |
|   2345 | ANT         |
|   3000 | BMU         |
|   4600 | TUV         |
|   4609 | NRU         |
|   4621 | GRD         |
|   4800 | TCA         |
|   5808 | SPM         |
|   6070 | BRB         |
|   7096 | SMR         |
|   7281 | KIR         |
|   7523 | ASM         |
|   8000 | VGB         |
|   9200 | MNP         |
|  10389 | LIE         |
|  10639 | GUM         |
|  11600 | KNA         |
|  11900 | COK         |
|  12000 | MYT         |
|  12000 | PLW         |
|  13000 | VIR         |
|  13445 | GRL         |
|  14388 | MCO         |
|  14542 | FRO         |
|  16243 | DMA         |
|  17100 | VCT         |
|  19600 | CYM         |
|  21189 | AND         |
|  21484 | BRN         |
|  22000 | BTN         |
|  22400 | TON         |
|  24000 | ATG         |
|  27025 | GIB         |
|  28000 | MHL         |
|  28518 | MLT         |
|  29034 | ABW         |
|  30600 | FSM         |
|  33700 | VUT         |
|  35900 | WSM         |
|  36000 | COM         |
|  40000 | GNQ         |
|  41000 | SYC         |
|  47900 | TMP         |
|  49541 | STP         |
|  50100 | SLB         |
|  50699 | GUF         |
|  51441 | PYF         |
|  61000 | SWZ         |
|  62915 | BLZ         |
|  71000 | MDV         |
|  75380 | GLP         |
|  76293 | NCL         |
|  77366 | FJI         |
|  80700 | LUX         |
|  94050 | MTQ         |
|  94800 | CPV         |
|  99997 | TTO         |
| 109184 | ISL         |
| 112000 | SUR         |
| 131480 | REU         |
| 144926 | GMB         |
| 148000 | BHR         |
| 169000 | ESH         |
| 169000 | NAM         |
| 172000 | BHS         |
| 241000 | GNB         |
| 247000 | PNG         |
| 254000 | GUY         |
| 261252 | KWT         |
| 270000 | ALB         |
| 286000 | RWA         |
| 297000 | LSO         |
| 300000 | BDI         |
| 314140 | JAM         |
| 314822 | BWA         |
| 337280 | MUS         |
| 339131 | CRI         |
| 349400 | CYP         |
| 355000 | QAT         |
| 375000 | TGO         |
| 383000 | DJI         |
| 386518 | SVN         |
| 419000 | GAB         |
| 431000 | ERI         |
| 437500 | MAC         |
| 444299 | MKD         |
| 505227 | EST         |
| 524000 | CAF         |
| 537096 | OMN         |
| 599106 | BIH         |
| 609041 | IRL         |
| 628452 | LAO         |
| 630465 | TCD         |
| 653857 | NER         |
| 685500 | TJK         |
| 764900 | MRT         |
| 773700 | MNG         |
| 784143 | SVK         |
| 786755 | PAN         |
| 805055 | KHM         |
| 809552 | MLI         |
| 812100 | KGZ         |
| 850000 | LBR         |
| 850000 | SLE         |
| 890800 | UGA         |
| 902360 | PSE         |
| 914119 | MWI         |
| 914200 | CHE         |
| 968503 | BEN         |
| 968596 | LVA         |
| 972600 | TKM         |
+--------+-------------+
124 rows in set (0.0064 sec)
 MySQL  localhost:3306 ssl  world  SQL >